Archive member included to satisfy reference by file (symbol)

/usr/local/bin/../lib/gcc/arm-none-eabi/7.2.1/thumb/v6-m/libgcc.a(_udivsi3.o)
                              nrf51_sdk/nrf51822/Source/app_common/pstorage.o (__aeabi_uidiv)
/usr/local/bin/../lib/gcc/arm-none-eabi/7.2.1/thumb/v6-m/libgcc.a(_divsi3.o)
                              nrf51_sdk/nrf51822/Source/app_common/pstorage.o (__aeabi_idiv)
/usr/local/bin/../lib/gcc/arm-none-eabi/7.2.1/thumb/v6-m/libgcc.a(_dvmd_tls.o)
                              /usr/local/bin/../lib/gcc/arm-none-eabi/7.2.1/thumb/v6-m/libgcc.a(_udivsi3.o) (__aeabi_idiv0)
/usr/local/bin/../lib/gcc/arm-none-eabi/7.2.1/thumb/v6-m/libgcc.a(divsf3.o)
                              src/pm_cf2.o (__aeabi_fdiv)
/usr/local/bin/../lib/gcc/arm-none-eabi/7.2.1/thumb/v6-m/libgcc.a(mulsf3.o)
                              src/pm_cf2.o (__aeabi_fmul)
/usr/local/bin/../lib/gcc/arm-none-eabi/7.2.1/thumb/v6-m/libgcc.a(floatsisf.o)
                              src/pm_cf2.o (__aeabi_i2f)
/usr/local/bin/../lib/gcc/arm-none-eabi/7.2.1/thumb/v6-m/libgcc.a(_clzsi2.o)
                              /usr/local/bin/../lib/gcc/arm-none-eabi/7.2.1/thumb/v6-m/libgcc.a(divsf3.o) (__clzsi2)
/usr/local/bin/../lib/gcc/arm-none-eabi/7.2.1/../../../../arm-none-eabi/lib/thumb/v6-m/libc_nano.a(lib_a-bzero.o)
                              src/main.o (bzero)
/usr/local/bin/../lib/gcc/arm-none-eabi/7.2.1/../../../../arm-none-eabi/lib/thumb/v6-m/libc_nano.a(lib_a-errno.o)
                              src/ow.o (__errno)
/usr/local/bin/../lib/gcc/arm-none-eabi/7.2.1/../../../../arm-none-eabi/lib/thumb/v6-m/libc_nano.a(lib_a-exit.o)
                              /usr/local/bin/../lib/gcc/arm-none-eabi/7.2.1/../../../../arm-none-eabi/lib/thumb/v6-m/crt0.o (exit)
/usr/local/bin/../lib/gcc/arm-none-eabi/7.2.1/../../../../arm-none-eabi/lib/thumb/v6-m/libc_nano.a(lib_a-impure.o)
                              /usr/local/bin/../lib/gcc/arm-none-eabi/7.2.1/../../../../arm-none-eabi/lib/thumb/v6-m/libc_nano.a(lib_a-exit.o) (_global_impure_ptr)
/usr/local/bin/../lib/gcc/arm-none-eabi/7.2.1/../../../../arm-none-eabi/lib/thumb/v6-m/libc_nano.a(lib_a-init.o)
                              /usr/local/bin/../lib/gcc/arm-none-eabi/7.2.1/../../../../arm-none-eabi/lib/thumb/v6-m/crt0.o (__libc_init_array)
/usr/local/bin/../lib/gcc/arm-none-eabi/7.2.1/../../../../arm-none-eabi/lib/thumb/v6-m/libc_nano.a(lib_a-memcmp.o)
                              nrf51_sdk/nrf51822/Source/ble/device_manager/device_manager_peripheral.o (memcmp)
/usr/local/bin/../lib/gcc/arm-none-eabi/7.2.1/../../../../arm-none-eabi/lib/thumb/v6-m/libc_nano.a(lib_a-memcpy-stub.o)
                              src/ble/ble_crazyflies.o (memcpy)
/usr/local/bin/../lib/gcc/arm-none-eabi/7.2.1/../../../../arm-none-eabi/lib/thumb/v6-m/libc_nano.a(lib_a-memset.o)
                              /usr/local/bin/../lib/gcc/arm-none-eabi/7.2.1/../../../../arm-none-eabi/lib/thumb/v6-m/crt0.o (memset)
/usr/local/bin/../lib/gcc/arm-none-eabi/7.2.1/../../../../arm-none-eabi/lib/thumb/v6-m/libc_nano.a(lib_a-printf.o)
                              src/ds28e05.o (printf)
/usr/local/bin/../lib/gcc/arm-none-eabi/7.2.1/../../../../arm-none-eabi/lib/thumb/v6-m/libc_nano.a(lib_a-strcmp.o)
                              src/platform.o (strcmp)
/usr/local/bin/../lib/gcc/arm-none-eabi/7.2.1/../../../../arm-none-eabi/lib/thumb/v6-m/libc_nano.a(lib_a-strlen.o)
                              nrf51_sdk/nrf51822/Source/ble/ble_services/ble_srv_common.o (strlen)
/usr/local/bin/../lib/gcc/arm-none-eabi/7.2.1/../../../../arm-none-eabi/lib/thumb/v6-m/libc_nano.a(lib_a-strncpy.o)
                              src/platform.o (strncpy)
/usr/local/bin/../lib/gcc/arm-none-eabi/7.2.1/../../../../arm-none-eabi/lib/thumb/v6-m/libc_nano.a(lib_a-strtok_r.o)
                              src/platform.o (strtok_r)
/usr/local/bin/../lib/gcc/arm-none-eabi/7.2.1/../../../../arm-none-eabi/lib/thumb/v6-m/libc_nano.a(lib_a-findfp.o)
                              /usr/local/bin/../lib/gcc/arm-none-eabi/7.2.1/../../../../arm-none-eabi/lib/thumb/v6-m/libc_nano.a(lib_a-printf.o) (__sinit)
/usr/local/bin/../lib/gcc/arm-none-eabi/7.2.1/../../../../arm-none-eabi/lib/thumb/v6-m/libc_nano.a(lib_a-fwalk.o)
                              /usr/local/bin/../lib/gcc/arm-none-eabi/7.2.1/../../../../arm-none-eabi/lib/thumb/v6-m/libc_nano.a(lib_a-findfp.o) (_fwalk)
/usr/local/bin/../lib/gcc/arm-none-eabi/7.2.1/../../../../arm-none-eabi/lib/thumb/v6-m/libc_nano.a(lib_a-nano-mallocr.o)
                              /usr/local/bin/../lib/gcc/arm-none-eabi/7.2.1/../../../../arm-none-eabi/lib/thumb/v6-m/libc_nano.a(lib_a-findfp.o) (_malloc_r)
/usr/local/bin/../lib/gcc/arm-none-eabi/7.2.1/../../../../arm-none-eabi/lib/thumb/v6-m/libc_nano.a(lib_a-nano-vfprintf.o)
                              /usr/local/bin/../lib/gcc/arm-none-eabi/7.2.1/../../../../arm-none-eabi/lib/thumb/v6-m/libc_nano.a(lib_a-printf.o) (_vfprintf_r)
[...]
Memory Configuration

Name             Origin             Length             Attributes
FLASH            0x0000000000016000 0x000000000002a000 xr
RAM              0x0000000020002000 0x0000000000002000 xrw
*default*        0x0000000000000000 0xffffffffffffffff

Linker script and memory map

LOAD /usr/local/bin/../lib/gcc/arm-none-eabi/7.2.1/thumb/v6-m/crti.o
LOAD /usr/local/bin/../lib/gcc/arm-none-eabi/7.2.1/thumb/v6-m/crtbegin.o
LOAD /usr/local/bin/../lib/gcc/arm-none-eabi/7.2.1/../../../../arm-none-eabi/lib/thumb/v6-m/crt0.o
LOAD src/ble/ble.o
LOAD src/ble/ble_crazyflies.o
LOAD src/ble/timeslot.o
LOAD nrf51_sdk/nrf51822/Source/ble/ble_advdata.o
LOAD nrf51_sdk/nrf51822/Source/ble/ble_conn_params.o
LOAD nrf51_sdk/nrf51822/Source/ble/ble_services/ble_srv_common.o
LOAD nrf51_sdk/nrf51822/Source/ble/ble_services/ble_dis.o
LOAD nrf51_sdk/nrf51822/Source/sd_common/softdevice_handler.o
LOAD nrf51_sdk/nrf51822/Source/app_common/app_timer.o
LOAD nrf51_sdk/nrf51822/Source/app_common/pstorage.o
LOAD nrf51_sdk/nrf51822/Source/ble/device_manager/device_manager_peripheral.o
LOAD src/main.o
LOAD gcc_startup_nrf51.o
LOAD system_nrf51.o
LOAD src/uart.o
LOAD src/syslink.o
LOAD src/pm_cf2.o
LOAD src/systick.o
LOAD src/button.o
LOAD src/swd.o
LOAD src/ow.o
LOAD src/ow/owlnk.o
LOAD src/ow/ownet.o
LOAD src/ow/owtran.o
LOAD src/ow/crcutil.o
LOAD src/ds2431.o
LOAD src/ds28e05.o
LOAD src/esb.o
LOAD src/memory.o
LOAD src/platform.o
LOAD src/platform_tag.o
START GROUP
LOAD /usr/local/bin/../lib/gcc/arm-none-eabi/7.2.1/thumb/v6-m/libgcc.a
LOAD /usr/local/bin/../lib/gcc/arm-none-eabi/7.2.1/../../../../arm-none-eabi/lib/thumb/v6-m/libc_nano.a
END GROUP
START GROUP
LOAD /usr/local/bin/../lib/gcc/arm-none-eabi/7.2.1/thumb/v6-m/libgcc.a
LOAD /usr/local/bin/../lib/gcc/arm-none-eabi/7.2.1/../../../../arm-none-eabi/lib/thumb/v6-m/libc_nano.a
END GROUP
LOAD /usr/local/bin/../lib/gcc/arm-none-eabi/7.2.1/thumb/v6-m/crtend.o
LOAD /usr/local/bin/../lib/gcc/arm-none-eabi/7.2.1/thumb/v6-m/crtn.o
START GROUP
LOAD /usr/local/bin/../lib/gcc/arm-none-eabi/7.2.1/thumb/v6-m/libgcc.a
LOAD /usr/local/bin/../lib/gcc/arm-none-eabi/7.2.1/../../../../arm-none-eabi/lib/thumb/v6-m/libc.a
LOAD /usr/local/bin/../lib/gcc/arm-none-eabi/7.2.1/../../../../arm-none-eabi/lib/thumb/v6-m/libnosys.a
END GROUP

.text           0x0000000000016000     0xef28
 *(.Vectors)
 .Vectors       0x0000000000016000       0xc0 gcc_startup_nrf51.o
                0x0000000000016000                __Vectors
 *(.text*)
 .text          0x00000000000160c0        0x0 /usr/local/bin/../lib/gcc/arm-none-eabi/7.2.1/thumb/v6-m/crti.o
 .text          0x00000000000160c0       0x48 /usr/local/bin/../lib/gcc/arm-none-eabi/7.2.1/thumb/v6-m/crtbegin.o
 .text          0x0000000000016108       0x78 /usr/local/bin/../lib/gcc/arm-none-eabi/7.2.1/../../../../arm-none-eabi/lib/thumb/v6-m/crt0.o
                0x0000000000016108                _mainCRTStartup
                0x0000000000016108                _start
 .text          0x0000000000016180      0xab0 src/ble/ble.o
                0x0000000000016504                app_error_handler
                0x0000000000016516                assert_nrf_callback
                0x0000000000016a94                advertising_start
                0x0000000000016ad0                ble_advertising_stop
                0x0000000000016b04                ble_sd_stop
                0x0000000000016bc4                ble_init
 .text          0x0000000000016c30      0x754 src/ble/ble_crazyflies.o
                0x0000000000016de0                ble_crazyflies_on_ble_evt
                0x0000000000016f6c                ble_crazyflies_init
                0x0000000000017190                bleCrazyfliesIsPacketReceived
                0x00000000000171a4                bleCrazyfliesGetRxPacket
                0x00000000000171b4                bleCrazyfliesReleaseRxPacket
                0x00000000000171d0                bleCrazyfliesSendPacket
 .text          0x0000000000017384      0x2d8 src/ble/timeslot.o
                0x0000000000017610                timeslot_sd_evt_signal
                0x0000000000017638                timeslot_start
 .text          0x000000000001765c      0xc3c nrf51_sdk/nrf51822/Source/ble/ble_advdata.o
                0x00000000000181d2                ble_advdata_set
 .text          0x0000000000018298      0x6a4 nrf51_sdk/nrf51822/Source/ble/ble_conn_params.o
                0x0000000000018594                ble_conn_params_init
                0x0000000000018638                ble_conn_params_stop
                0x0000000000018848                ble_conn_params_on_ble_evt
                0x000000000001889a                ble_conn_params_change_conn_params
 .text          0x000000000001893c      0x14c nrf51_sdk/nrf51822/Source/ble/ble_services/ble_srv_common.o
                0x00000000000189e4                ble_srv_report_ref_encode
                0x0000000000018a60                ble_srv_ascii_to_utf8
 .text          0x0000000000018a88      0x730 nrf51_sdk/nrf51822/Source/ble/ble_services/ble_dis.o
                0x0000000000018f50                ble_dis_init
 .text          0x00000000000191b8      0x60c nrf51_sdk/nrf51822/Source/sd_common/softdevice_handler.o
                0x000000000001953c                softdevice_assertion_handler
                0x0000000000019564                intern_softdevice_events_execute
                0x0000000000019678                softdevice_handler_init
                0x0000000000019704                softdevice_handler_sd_disable
                0x000000000001972c                softdevice_ble_evt_handler_set
                0x0000000000019754                softdevice_sys_evt_handler_set
                0x000000000001977c                SWI2_IRQHandler
 .text          0x00000000000197c4     0x13fc nrf51_sdk/nrf51822/Source/app_common/app_timer.o
                0x000000000001a79c                RTC1_IRQHandler
                0x000000000001a7ec                SWI0_IRQHandler
                0x000000000001a7fa                app_timer_init
                0x000000000001a974                app_timer_create
                0x000000000001aa62                app_timer_start
                0x000000000001aaf4                app_timer_stop
                0x000000000001ab54                app_timer_stop_all
                0x000000000001ab7c                app_timer_cnt_get
                0x000000000001ab98                app_timer_cnt_diff_compute
 .text          0x000000000001abc0     0x1388 nrf51_sdk/nrf51822/Source/app_common/pstorage.o
                0x000000000001b054                pstorage_sys_event_handler
                0x000000000001b67c                pstorage_init
                0x000000000001b754                pstorage_register
                0x000000000001b938                pstorage_block_identifier_get
                0x000000000001ba10                pstorage_store
                0x000000000001bb5c                pstorage_update
                0x000000000001bca8                pstorage_load
                0x000000000001be10                pstorage_clear
                0x000000000001bf08                pstorage_access_status_get
 .text          0x000000000001bf48     0x2220 nrf51_sdk/nrf51822/Source/ble/device_manager/device_manager_peripheral.o
                0x000000000001cba8                dm_init
                0x000000000001cd00                dm_register
                0x000000000001cd94                dm_security_setup_req
                0x000000000001ce6c                dm_security_status_req
                0x000000000001cf58                dm_whitelist_create
                0x000000000001d0ac                dm_device_add
                0x000000000001d0c4                dm_device_delete
                0x000000000001d160                dm_device_delete_all
                0x000000000001d1fc                dm_service_context_set
                0x000000000001d33c                dm_service_context_get
                0x000000000001d480                dm_service_context_delete
                0x000000000001d514                dm_application_context_set
                0x000000000001d52c                dm_application_context_get
                0x000000000001d544                dm_application_context_delete
                0x000000000001d55c                dm_application_instance_set
                0x000000000001d5d0                dm_handle_initialize
                0x000000000001d758                dm_peer_addr_set
                0x000000000001d848                dm_peer_addr_get
                0x000000000001d9a8                bond_data_load
                0x000000000001da20                dm_ble_evt_handler
 .text          0x000000000001e168      0xb44 src/main.o
                0x000000000001e4b0                main
 .text          0x000000000001ecac       0x48 gcc_startup_nrf51.o
                0x000000000001ecac                Reset_Handler
                0x000000000001ece8                NMI_Handler
                0x000000000001ecea                HardFault_Handler
                0x000000000001ecec                SVC_Handler
                0x000000000001ecee                PendSV_Handler
                0x000000000001ecf0                SysTick_Handler
                0x000000000001ecf2                SPI0_TWI0_IRQHandler
                0x000000000001ecf2                RTC0_IRQHandler
                0x000000000001ecf2                GPIOTE_IRQHandler
                0x000000000001ecf2                POWER_CLOCK_IRQHandler
                0x000000000001ecf2                LPCOMP_IRQHandler
                0x000000000001ecf2                SWI4_IRQHandler
                0x000000000001ecf2                TEMP_IRQHandler
                0x000000000001ecf2                QDEC_IRQHandler
                0x000000000001ecf2                SWI5_IRQHandler
                0x000000000001ecf2                TIMER0_IRQHandler
                0x000000000001ecf2                ECB_IRQHandler
                0x000000000001ecf2                Default_Handler
                0x000000000001ecf2                ADC_IRQHandler
                0x000000000001ecf2                SWI3_IRQHandler
                0x000000000001ecf2                CCM_AAR_IRQHandler
                0x000000000001ecf2                WDT_IRQHandler
                0x000000000001ecf2                RNG_IRQHandler
                0x000000000001ecf2                SPI1_TWI1_IRQHandler
                0x000000000001ecf2                SWI1_IRQHandler
 .text          0x000000000001ecf4      0x124 system_nrf51.o
                0x000000000001ecf4                SystemCoreClockUpdate
                0x000000000001ed0c                SystemInit
 .text          0x000000000001ee18      0x488 src/uart.o
                0x000000000001ef4c                UART0_IRQHandler
                0x000000000001efd8                uartInit
                0x000000000001f0f0                uartDeinit
                0x000000000001f130                uartPuts
                0x000000000001f16c                uartSend
                0x000000000001f1ac                uartPutc
                0x000000000001f200                uartIsDataReceived
                0x000000000001f238                uartGetc
 .text          0x000000000001f2a0      0x2b8 src/syslink.o
                0x000000000001f2a0                syslinkReceive
                0x000000000001f478                syslinkSend
 .text          0x000000000001f558      0x710 src/pm_cf2.o
                0x000000000001f7a4                pmInit
                0x000000000001f7e0                pmUSBPower
                0x000000000001f7f8                pmIsCharging
                0x000000000001fa62                pmSetState
                0x000000000001fa84                pmGetState
                0x000000000001fa98                pmGetVBAT
                0x000000000001faac                pmGetISET
                0x000000000001fac0                pmSysBootloader
                0x000000000001fae0                pmProcess
 .text          0x000000000001fc68      0x198 src/systick.o
                0x000000000001fd70                TIMER2_IRQHandler
                0x000000000001fd98                systickInit
                0x000000000001fdec                systickGetTick
 .text          0x000000000001fe00      0x140 src/button.o
                0x000000000001fe2c                buttonInit
                0x000000000001fe70                buttonProcess
                0x000000000001ff1c                buttonGetState
 .text          0x000000000001ff40      0x2cc src/swd.o
                0x000000000001ff8c                swdInit
                0x000000000001fffc                swdTest
 .text          0x000000000002020c      0x1b4 src/ow.o
                0x0000000000020334                owInit
                0x00000000000203a4                owRaiseError
 .text          0x00000000000203c0      0x2b0 src/ow/owlnk.o
                0x00000000000203c0                TIMER1_IRQHandler
                0x0000000000020468                owTouchReset
                0x00000000000204e8                owTouchBit
                0x000000000002055c                owTouchByte
                0x00000000000205ae                owWriteByte
                0x00000000000205d8                owReadByte
                0x00000000000205f4                owSpeed
                0x0000000000020608                owLevel
                0x000000000002061c                owProgramPulse
                0x000000000002062e                msDelay
                0x0000000000020658                msGettick
 .text          0x0000000000020670      0x938 src/ow/ownet.o
                0x0000000000020670                owFirst
                0x00000000000206bc                owNext
                0x00000000000209e0                owSerialNum
                0x0000000000020a74                owFamilySearchSetup
                0x0000000000020ae4                owSkipFamily
                0x0000000000020b30                owAccess
                0x0000000000020c10                owVerify
                0x0000000000020df0                owOverdriveAccess
                0x0000000000020f0c                bitacc
 .text          0x0000000000020fa8      0x284 src/ow/owtran.o
                0x0000000000020fa8                owBlock
                0x0000000000021032                owProgramByte
 .text          0x000000000002122c      0x1a8 src/ow/crcutil.o
                0x000000000002122c                setcrc16
                0x0000000000021258                setcrc8
                0x0000000000021280                docrc16
                0x0000000000021388                docrc8
 .text          0x00000000000213d4      0x368 src/ds2431.o
                0x00000000000213d4                ds2431ReadScratchpad
                0x00000000000214b0                ds2431WriteScratchpad
                0x000000000002151a                ds2431ReadMemory
                0x0000000000021590                ds2431CopyScratchpad
                0x000000000002161a                ds2431WriteMemory
 .text          0x000000000002173c      0x42c src/ds28e05.o
                0x000000000002173c                ds28e05ReadMemory
                0x00000000000217c2                ds28e05WriteMemory
 .text          0x0000000000021b68      0xcbc src/esb.o
                0x0000000000022100                RADIO_IRQHandler
                0x000000000002210e                esbInterruptHandler
                0x0000000000022330                esbInit
                0x0000000000022518                esbReset
                0x0000000000022554                esbDeinit
                0x0000000000022588                esbIsRxPacket
                0x00000000000225ac                esbGetRxPacket
                0x00000000000225e0                esbReleaseRxPacket
                0x0000000000022610                esbCanTxPacket
                0x000000000002264c                esbGetTxPacket
                0x0000000000022680                esbSendTxPacket
                0x00000000000226b0                esbSetDatarate
                0x00000000000226d4                esbSetContwave
                0x000000000002270c                esbSetChannel
                0x0000000000022734                esbSetTxPower
                0x0000000000022754                esbSetTxPowerDbm
                0x0000000000022800                esbSetAddress
 .text          0x0000000000022824      0x22c src/memory.o
                0x0000000000022878                owScan
                0x00000000000228e0                memoryInit
                0x000000000002290c                memorySyslink
 .text          0x0000000000022a50      0x188 src/platform.o
                0x0000000000022a50                platformGetDeviceTypeString
                0x0000000000022b18                platformInitByDeviceType
                0x0000000000022bc4                platformHasRfx2411n
 .text          0x0000000000022bd8       0x10 src/platform_tag.o
                0x0000000000022bd8                platformInit
 .text          0x0000000000022be8      0x114 /usr/local/bin/../lib/gcc/arm-none-eabi/7.2.1/thumb/v6-m/libgcc.a(_udivsi3.o)
                0x0000000000022be8                __udivsi3
                0x0000000000022be8                __aeabi_uidiv
                0x0000000000022cf4                __aeabi_uidivmod
 .text          0x0000000000022cfc      0x1d4 /usr/local/bin/../lib/gcc/arm-none-eabi/7.2.1/thumb/v6-m/libgcc.a(_divsi3.o)
                0x0000000000022cfc                __aeabi_idiv
                0x0000000000022cfc                __divsi3
                0x0000000000022ec8                __aeabi_idivmod
 .text          0x0000000000022ed0        0x4 /usr/local/bin/../lib/gcc/arm-none-eabi/7.2.1/thumb/v6-m/libgcc.a(_dvmd_tls.o)
                0x0000000000022ed0                __aeabi_ldiv0
                0x0000000000022ed0                __aeabi_idiv0
 .text          0x0000000000022ed4      0x224 /usr/local/bin/../lib/gcc/arm-none-eabi/7.2.1/thumb/v6-m/libgcc.a(divsf3.o)
                0x0000000000022ed4                __aeabi_fdiv
 .text          0x00000000000230f8      0x264 /usr/local/bin/../lib/gcc/arm-none-eabi/7.2.1/thumb/v6-m/libgcc.a(mulsf3.o)
                0x00000000000230f8                __aeabi_fmul
 .text          0x000000000002335c       0x94 /usr/local/bin/../lib/gcc/arm-none-eabi/7.2.1/thumb/v6-m/libgcc.a(floatsisf.o)
                0x000000000002335c                __aeabi_i2f
 .text          0x00000000000233f0       0x3c /usr/local/bin/../lib/gcc/arm-none-eabi/7.2.1/thumb/v6-m/libgcc.a(_clzsi2.o)
                0x00000000000233f0                __clzsi2
 .text          0x000000000002342c        0x0 /usr/local/bin/../lib/gcc/arm-none-eabi/7.2.1/../../../../arm-none-eabi/lib/thumb/v6-m/libc_nano.a(lib_a-bzero.o)
 .text.bzero    0x000000000002342c        0xc /usr/local/bin/../lib/gcc/arm-none-eabi/7.2.1/../../../../arm-none-eabi/lib/thumb/v6-m/libc_nano.a(lib_a-bzero.o)
                0x000000000002342c                bzero
 .text          0x0000000000023438        0x0 /usr/local/bin/../lib/gcc/arm-none-eabi/7.2.1/../../../../arm-none-eabi/lib/thumb/v6-m/libc_nano.a(lib_a-errno.o)
 .text.__errno  0x0000000000023438        0xc /usr/local/bin/../lib/gcc/arm-none-eabi/7.2.1/../../../../arm-none-eabi/lib/thumb/v6-m/libc_nano.a(lib_a-errno.o)
                0x0000000000023438                __errno
 .text          0x0000000000023444        0x0 /usr/local/bin/../lib/gcc/arm-none-eabi/7.2.1/../../../../arm-none-eabi/lib/thumb/v6-m/libc_nano.a(lib_a-exit.o)
 .text.exit     0x0000000000023444       0x2c /usr/local/bin/../lib/gcc/arm-none-eabi/7.2.1/../../../../arm-none-eabi/lib/thumb/v6-m/libc_nano.a(lib_a-exit.o)
                0x0000000000023444                exit
 .text          0x0000000000023470        0x0 /usr/local/bin/../lib/gcc/arm-none-eabi/7.2.1/../../../../arm-none-eabi/lib/thumb/v6-m/libc_nano.a(lib_a-impure.o)
 .text          0x0000000000023470        0x0 /usr/local/bin/../lib/gcc/arm-none-eabi/7.2.1/../../../../arm-none-eabi/lib/thumb/v6-m/libc_nano.a(lib_a-init.o)
 .text.__libc_init_array
                0x0000000000023470       0x48 /usr/local/bin/../lib/gcc/arm-none-eabi/7.2.1/../../../../arm-none-eabi/lib/thumb/v6-m/libc_nano.a(lib_a-init.o)
                0x0000000000023470                __libc_init_array
 .text          0x00000000000234b8        0x0 /usr/local/bin/../lib/gcc/arm-none-eabi/7.2.1/../../../../arm-none-eabi/lib/thumb/v6-m/libc_nano.a(lib_a-memcmp.o)
 .text.memcmp   0x00000000000234b8       0x1e /usr/local/bin/../lib/gcc/arm-none-eabi/7.2.1/../../../../arm-none-eabi/lib/thumb/v6-m/libc_nano.a(lib_a-memcmp.o)
                0x00000000000234b8                memcmp
 .text          0x00000000000234d6        0x0 /usr/local/bin/../lib/gcc/arm-none-eabi/7.2.1/../../../../arm-none-eabi/lib/thumb/v6-m/libc_nano.a(lib_a-memcpy-stub.o)
 .text.memcpy   0x00000000000234d6       0x12 /usr/local/bin/../lib/gcc/arm-none-eabi/7.2.1/../../../../arm-none-eabi/lib/thumb/v6-m/libc_nano.a(lib_a-memcpy-stub.o)
                0x00000000000234d6                memcpy
 .text          0x00000000000234e8        0x0 /usr/local/bin/../lib/gcc/arm-none-eabi/7.2.1/../../../../arm-none-eabi/lib/thumb/v6-m/libc_nano.a(lib_a-memset.o)
 .text.memset   0x00000000000234e8       0x10 /usr/local/bin/../lib/gcc/arm-none-eabi/7.2.1/../../../../arm-none-eabi/lib/thumb/v6-m/libc_nano.a(lib_a-memset.o)
                0x00000000000234e8                memset
 .text          0x00000000000234f8        0x0 /usr/local/bin/../lib/gcc/arm-none-eabi/7.2.1/../../../../arm-none-eabi/lib/thumb/v6-m/libc_nano.a(lib_a-printf.o)
 .text._printf_r
                0x00000000000234f8       0x28 /usr/local/bin/../lib/gcc/arm-none-eabi/7.2.1/../../../../arm-none-eabi/lib/thumb/v6-m/libc_nano.a(lib_a-printf.o)
                0x00000000000234f8                _printf_r
                0x00000000000234f8                _iprintf_r
 .text.printf   0x0000000000023520       0x34 /usr/local/bin/../lib/gcc/arm-none-eabi/7.2.1/../../../../arm-none-eabi/lib/thumb/v6-m/libc_nano.a(lib_a-printf.o)
                0x0000000000023520                printf
                0x0000000000023520                iprintf
 .text          0x0000000000023554       0x14 /usr/local/bin/../lib/gcc/arm-none-eabi/7.2.1/../../../../arm-none-eabi/lib/thumb/v6-m/libc_nano.a(lib_a-strcmp.o)
                0x0000000000023554                strcmp
 .text          0x0000000000023568        0xe /usr/local/bin/../lib/gcc/arm-none-eabi/7.2.1/../../../../arm-none-eabi/lib/thumb/v6-m/libc_nano.a(lib_a-strlen.o)
                0x0000000000023568                strlen
 .text          0x0000000000023576        0x0 /usr/local/bin/../lib/gcc/arm-none-eabi/7.2.1/../../../../arm-none-eabi/lib/thumb/v6-m/libc_nano.a(lib_a-strncpy.o)
 .text.strncpy  0x0000000000023576       0x28 /usr/local/bin/../lib/gcc/arm-none-eabi/7.2.1/../../../../arm-none-eabi/lib/thumb/v6-m/libc_nano.a(lib_a-strncpy.o)
                0x0000000000023576                strncpy
 .text          0x000000000002359e        0x0 /usr/local/bin/../lib/gcc/arm-none-eabi/7.2.1/../../../../arm-none-eabi/lib/thumb/v6-m/libc_nano.a(lib_a-strtok_r.o)
 .text.__strtok_r
                0x000000000002359e       0x5a /usr/local/bin/../lib/gcc/arm-none-eabi/7.2.1/../../../../arm-none-eabi/lib/thumb/v6-m/libc_nano.a(lib_a-strtok_r.o)
                0x000000000002359e                __strtok_r
 .text.strtok_r
                0x00000000000235f8        0xa /usr/local/bin/../lib/gcc/arm-none-eabi/7.2.1/../../../../arm-none-eabi/lib/thumb/v6-m/libc_nano.a(lib_a-strtok_r.o)
                0x00000000000235f8                strtok_r
 .text          0x0000000000023602        0x0 /usr/local/bin/../lib/gcc/arm-none-eabi/7.2.1/../../../../arm-none-eabi/lib/thumb/v6-m/libc_nano.a(lib_a-findfp.o)
 .text.__fp_lock
                0x0000000000023602        0x4 /usr/local/bin/../lib/gcc/arm-none-eabi/7.2.1/../../../../arm-none-eabi/lib/thumb/v6-m/libc_nano.a(lib_a-findfp.o)
 *fill*         0x0000000000023606        0x2 
 .text.std      0x0000000000023608       0x48 /usr/local/bin/../lib/gcc/arm-none-eabi/7.2.1/../../../../arm-none-eabi/lib/thumb/v6-m/libc_nano.a(lib_a-findfp.o)
 .text._cleanup_r
                0x0000000000023650       0x10 /usr/local/bin/../lib/gcc/arm-none-eabi/7.2.1/../../../../arm-none-eabi/lib/thumb/v6-m/libc_nano.a(lib_a-findfp.o)
                0x0000000000023650                _cleanup_r
 .text.__fp_unlock
                0x0000000000023660        0x4 /usr/local/bin/../lib/gcc/arm-none-eabi/7.2.1/../../../../arm-none-eabi/lib/thumb/v6-m/libc_nano.a(lib_a-findfp.o)
 .text.__sfmoreglue
                0x0000000000023664       0x2c /usr/local/bin/../lib/gcc/arm-none-eabi/7.2.1/../../../../arm-none-eabi/lib/thumb/v6-m/libc_nano.a(lib_a-findfp.o)
                0x0000000000023664                __sfmoreglue
 .text._cleanup
                0x0000000000023690       0x10 /usr/local/bin/../lib/gcc/arm-none-eabi/7.2.1/../../../../arm-none-eabi/lib/thumb/v6-m/libc_nano.a(lib_a-findfp.o)
                0x0000000000023690                _cleanup
 .text.__sinit  0x00000000000236a0       0x68 /usr/local/bin/../lib/gcc/arm-none-eabi/7.2.1/../../../../arm-none-eabi/lib/thumb/v6-m/libc_nano.a(lib_a-findfp.o)
                0x00000000000236a0                __sinit
 .text.__sfp    0x0000000000023708       0x7c /usr/local/bin/../lib/gcc/arm-none-eabi/7.2.1/../../../../arm-none-eabi/lib/thumb/v6-m/libc_nano.a(lib_a-findfp.o)
                0x0000000000023708                __sfp
 .text.__sfp_lock_acquire
                0x0000000000023784        0x2 /usr/local/bin/../lib/gcc/arm-none-eabi/7.2.1/../../../../arm-none-eabi/lib/thumb/v6-m/libc_nano.a(lib_a-findfp.o)
                0x0000000000023784                __sfp_lock_acquire
 .text.__sfp_lock_release
                0x0000000000023786        0x2 /usr/local/bin/../lib/gcc/arm-none-eabi/7.2.1/../../../../arm-none-eabi/lib/thumb/v6-m/libc_nano.a(lib_a-findfp.o)
                0x0000000000023786                __sfp_lock_release
 .text.__sinit_lock_acquire
                0x0000000000023788        0x2 /usr/local/bin/../lib/gcc/arm-none-eabi/7.2.1/../../../../arm-none-eabi/lib/thumb/v6-m/libc_nano.a(lib_a-findfp.o)
                0x0000000000023788                __sinit_lock_acquire
 .text.__sinit_lock_release
                0x000000000002378a        0x2 /usr/local/bin/../lib/gcc/arm-none-eabi/7.2.1/../../../../arm-none-eabi/lib/thumb/v6-m/libc_nano.a(lib_a-findfp.o)
                0x000000000002378a                __sinit_lock_release
 .text.__fp_lock_all
                0x000000000002378c       0x18 /usr/local/bin/../lib/gcc/arm-none-eabi/7.2.1/../../../../arm-none-eabi/lib/thumb/v6-m/libc_nano.a(lib_a-findfp.o)
                0x000000000002378c                __fp_lock_all
 .text.__fp_unlock_all
                0x00000000000237a4       0x18 /usr/local/bin/../lib/gcc/arm-none-eabi/7.2.1/../../../../arm-none-eabi/lib/thumb/v6-m/libc_nano.a(lib_a-findfp.o)
                0x00000000000237a4                __fp_unlock_all
 .text          0x00000000000237bc        0x0 /usr/local/bin/../lib/gcc/arm-none-eabi/7.2.1/../../../../arm-none-eabi/lib/thumb/v6-m/libc_nano.a(lib_a-fwalk.o)
 .text._fwalk   0x00000000000237bc       0x38 /usr/local/bin/../lib/gcc/arm-none-eabi/7.2.1/../../../../arm-none-eabi/lib/thumb/v6-m/libc_nano.a(lib_a-fwalk.o)
                0x00000000000237bc                _fwalk
 .text._fwalk_reent
                0x00000000000237f4       0x42 /usr/local/bin/../lib/gcc/arm-none-eabi/7.2.1/../../../../arm-none-eabi/lib/thumb/v6-m/libc_nano.a(lib_a-fwalk.o)
                0x00000000000237f4                _fwalk_reent
 .text          0x0000000000023836        0x0 /usr/local/bin/../lib/gcc/arm-none-eabi/7.2.1/../../../../arm-none-eabi/lib/thumb/v6-m/libc_nano.a(lib_a-nano-mallocr.o)
 *fill*         0x0000000000023836        0x2 
 .text._malloc_r
                0x0000000000023838       0xbc /usr/local/bin/../lib/gcc/arm-none-eabi/7.2.1/../../../../arm-none-eabi/lib/thumb/v6-m/libc_nano.a(lib_a-nano-mallocr.o)
                0x0000000000023838                _malloc_r
 .text          0x00000000000238f4        0x0 /usr/local/bin/../lib/gcc/arm-none-eabi/7.2.1/../../../../arm-none-eabi/lib/thumb/v6-m/libc_nano.a(lib_a-nano-vfprintf.o)
 .text.__sfputc_r
                0x00000000000238f4       0x2a /usr/local/bin/../lib/gcc/arm-none-eabi/7.2.1/../../../../arm-none-eabi/lib/thumb/v6-m/libc_nano.a(lib_a-nano-vfprintf.o)
 .text.__sfputs_r
                0x000000000002391e       0x24 /usr/local/bin/../lib/gcc/arm-none-eabi/7.2.1/../../../../arm-none-eabi/lib/thumb/v6-m/libc_nano.a(lib_a-nano-vfprintf.o)
                0x000000000002391e                __sfputs_r
 .text.__sprint_r
                0x0000000000023942       0x1c /usr/local/bin/../lib/gcc/arm-none-eabi/7.2.1/../../../../arm-none-eabi/lib/thumb/v6-m/libc_nano.a(lib_a-nano-vfprintf.o)
                0x0000000000023942                __sprint_r
 *fill*         0x000000000002395e        0x2 
 .text._vfprintf_r
                0x0000000000023960      0x22c /usr/local/bin/../lib/gcc/arm-none-eabi/7.2.1/../../../../arm-none-eabi/lib/thumb/v6-m/libc_nano.a(lib_a-nano-vfprintf.o)
                0x0000000000023960                _vfiprintf_r
                0x0000000000023960                _vfprintf_r
 .text.vfprintf
                0x0000000000023b8c       0x18 /usr/local/bin/../lib/gcc/arm-none-eabi/7.2.1/../../../../arm-none-eabi/lib/thumb/v6-m/libc_nano.a(lib_a-nano-vfprintf.o)
                0x0000000000023b8c                vfiprintf
                0x0000000000023b8c                vfprintf
 .text          0x0000000000023ba4        0x0 /usr/local/bin/../lib/gcc/arm-none-eabi/7.2.1/../../../../arm-none-eabi/lib/thumb/v6-m/libc_nano.a(lib_a-nano-vfprintf_i.o)
 .text._printf_common
                0x0000000000023ba4       0xda /usr/local/bin/../lib/gcc/arm-none-eabi/7.2.1/../../../../arm-none-eabi/lib/thumb/v6-m/libc_nano.a(lib_a-nano-vfprintf_i.o)
                0x0000000000023ba4                _printf_common
 *fill*         0x0000000000023c7e        0x2 
 .text._printf_i
                0x0000000000023c80      0x210 /usr/local/bin/../lib/gcc/arm-none-eabi/7.2.1/../../../../arm-none-eabi/lib/thumb/v6-m/libc_nano.a(lib_a-nano-vfprintf_i.o)
                0x0000000000023c80                _printf_i
 .text          0x0000000000023e90        0x0 /usr/local/bin/../lib/gcc/arm-none-eabi/7.2.1/../../../../arm-none-eabi/lib/thumb/v6-m/libc_nano.a(lib_a-sbrkr.o)
 .text._sbrk_r  0x0000000000023e90       0x24 /usr/local/bin/../lib/gcc/arm-none-eabi/7.2.1/../../../../arm-none-eabi/lib/thumb/v6-m/libc_nano.a(lib_a-sbrkr.o)
                0x0000000000023e90                _sbrk_r
 .text          0x0000000000023eb4        0x0 /usr/local/bin/../lib/gcc/arm-none-eabi/7.2.1/../../../../arm-none-eabi/lib/thumb/v6-m/libc_nano.a(lib_a-stdio.o)
 .text.__sread  0x0000000000023eb4       0x28 /usr/local/bin/../lib/gcc/arm-none-eabi/7.2.1/../../../../arm-none-eabi/lib/thumb/v6-m/libc_nano.a(lib_a-stdio.o)
                0x0000000000023eb4                __sread
 .text.__seofread
                0x0000000000023edc        0x4 /usr/local/bin/../lib/gcc/arm-none-eabi/7.2.1/../../../../arm-none-eabi/lib/thumb/v6-m/libc_nano.a(lib_a-stdio.o)
                0x0000000000023edc                __seofread
 .text.__swrite
                0x0000000000023ee0       0x38 /usr/local/bin/../lib/gcc/arm-none-eabi/7.2.1/../../../../arm-none-eabi/lib/thumb/v6-m/libc_nano.a(lib_a-stdio.o)
                0x0000000000023ee0                __swrite
 .text.__sseek  0x0000000000023f18       0x2c /usr/local/bin/../lib/gcc/arm-none-eabi/7.2.1/../../../../arm-none-eabi/lib/thumb/v6-m/libc_nano.a(lib_a-stdio.o)
                0x0000000000023f18                __sseek
 .text.__sclose
                0x0000000000023f44        0xc /usr/local/bin/../lib/gcc/arm-none-eabi/7.2.1/../../../../arm-none-eabi/lib/thumb/v6-m/libc_nano.a(lib_a-stdio.o)
                0x0000000000023f44                __sclose
 .text          0x0000000000023f50        0x0 /usr/local/bin/../lib/gcc/arm-none-eabi/7.2.1/../../../../arm-none-eabi/lib/thumb/v6-m/libc_nano.a(lib_a-wbuf.o)
 .text.__swbuf_r
                0x0000000000023f50       0xac /usr/local/bin/../lib/gcc/arm-none-eabi/7.2.1/../../../../arm-none-eabi/lib/thumb/v6-m/libc_nano.a(lib_a-wbuf.o)
                0x0000000000023f50                __swbuf_r
 .text.__swbuf  0x0000000000023ffc       0x14 /usr/local/bin/../lib/gcc/arm-none-eabi/7.2.1/../../../../arm-none-eabi/lib/thumb/v6-m/libc_nano.a(lib_a-wbuf.o)
                0x0000000000023ffc                __swbuf
 .text          0x0000000000024010        0x0 /usr/local/bin/../lib/gcc/arm-none-eabi/7.2.1/../../../../arm-none-eabi/lib/thumb/v6-m/libc_nano.a(lib_a-writer.o)
 .text._write_r
                0x0000000000024010       0x28 /usr/local/bin/../lib/gcc/arm-none-eabi/7.2.1/../../../../arm-none-eabi/lib/thumb/v6-m/libc_nano.a(lib_a-writer.o)
                0x0000000000024010                _write_r
 .text          0x0000000000024038        0x0 /usr/local/bin/../lib/gcc/arm-none-eabi/7.2.1/../../../../arm-none-eabi/lib/thumb/v6-m/libc_nano.a(lib_a-wsetup.o)
 .text.__swsetup_r
                0x0000000000024038       0xec /usr/local/bin/../lib/gcc/arm-none-eabi/7.2.1/../../../../arm-none-eabi/lib/thumb/v6-m/libc_nano.a(lib_a-wsetup.o)
                0x0000000000024038                __swsetup_r
 .text          0x0000000000024124        0x0 /usr/local/bin/../lib/gcc/arm-none-eabi/7.2.1/../../../../arm-none-eabi/lib/thumb/v6-m/libc_nano.a(lib_a-closer.o)
 .text._close_r
                0x0000000000024124       0x24 /usr/local/bin/../lib/gcc/arm-none-eabi/7.2.1/../../../../arm-none-eabi/lib/thumb/v6-m/libc_nano.a(lib_a-closer.o)
                0x0000000000024124                _close_r
 .text          0x0000000000024148        0x0 /usr/local/bin/../lib/gcc/arm-none-eabi/7.2.1/../../../../arm-none-eabi/lib/thumb/v6-m/libc_nano.a(lib_a-fflush.o)
 .text.__sflush_r
                0x0000000000024148      0x114 /usr/local/bin/../lib/gcc/arm-none-eabi/7.2.1/../../../../arm-none-eabi/lib/thumb/v6-m/libc_nano.a(lib_a-fflush.o)
                0x0000000000024148                __sflush_r
 .text._fflush_r
                0x000000000002425c       0x58 /usr/local/bin/../lib/gcc/arm-none-eabi/7.2.1/../../../../arm-none-eabi/lib/thumb/v6-m/libc_nano.a(lib_a-fflush.o)
                0x000000000002425c                _fflush_r
 .text.fflush   0x00000000000242b4       0x28 /usr/local/bin/../lib/gcc/arm-none-eabi/7.2.1/../../../../arm-none-eabi/lib/thumb/v6-m/libc_nano.a(lib_a-fflush.o)
                0x00000000000242b4                fflush
 .text          0x00000000000242dc        0x0 /usr/local/bin/../lib/gcc/arm-none-eabi/7.2.1/../../../../arm-none-eabi/lib/thumb/v6-m/libc_nano.a(lib_a-fvwrite.o)
 .text.__sfvwrite_r
                0x00000000000242dc      0x2c0 /usr/local/bin/../lib/gcc/arm-none-eabi/7.2.1/../../../../arm-none-eabi/lib/thumb/v6-m/libc_nano.a(lib_a-fvwrite.o)
                0x00000000000242dc                __sfvwrite_r
 .text          0x000000000002459c        0x0 /usr/local/bin/../lib/gcc/arm-none-eabi/7.2.1/../../../../arm-none-eabi/lib/thumb/v6-m/libc_nano.a(lib_a-lseekr.o)
 .text._lseek_r
                0x000000000002459c       0x28 /usr/local/bin/../lib/gcc/arm-none-eabi/7.2.1/../../../../arm-none-eabi/lib/thumb/v6-m/libc_nano.a(lib_a-lseekr.o)
                0x000000000002459c                _lseek_r
 .text          0x00000000000245c4        0x0 /usr/local/bin/../lib/gcc/arm-none-eabi/7.2.1/../../../../arm-none-eabi/lib/thumb/v6-m/libc_nano.a(lib_a-makebuf.o)
 .text.__swhatbuf_r
                0x00000000000245c4       0x50 /usr/local/bin/../lib/gcc/arm-none-eabi/7.2.1/../../../../arm-none-eabi/lib/thumb/v6-m/libc_nano.a(lib_a-makebuf.o)
                0x00000000000245c4                __swhatbuf_r
 .text.__smakebuf_r
                0x0000000000024614       0x88 /usr/local/bin/../lib/gcc/arm-none-eabi/7.2.1/../../../../arm-none-eabi/lib/thumb/v6-m/libc_nano.a(lib_a-makebuf.o)
                0x0000000000024614                __smakebuf_r
 .text          0x000000000002469c        0x0 /usr/local/bin/../lib/gcc/arm-none-eabi/7.2.1/../../../../arm-none-eabi/lib/thumb/v6-m/libc_nano.a(lib_a-memchr-stub.o)
 .text.memchr   0x000000000002469c       0x16 /usr/local/bin/../lib/gcc/arm-none-eabi/7.2.1/../../../../arm-none-eabi/lib/thumb/v6-m/libc_nano.a(lib_a-memchr-stub.o)
                0x000000000002469c                memchr
 .text          0x00000000000246b2        0x0 /usr/local/bin/../lib/gcc/arm-none-eabi/7.2.1/../../../../arm-none-eabi/lib/thumb/v6-m/libc_nano.a(lib_a-memmove.o)
 .text.memmove  0x00000000000246b2       0x26 /usr/local/bin/../lib/gcc/arm-none-eabi/7.2.1/../../../../arm-none-eabi/lib/thumb/v6-m/libc_nano.a(lib_a-memmove.o)
                0x00000000000246b2                memmove
 .text          0x00000000000246d8        0x0 /usr/local/bin/../lib/gcc/arm-none-eabi/7.2.1/../../../../arm-none-eabi/lib/thumb/v6-m/libc_nano.a(lib_a-mlock.o)
 .text.__malloc_lock
                0x00000000000246d8        0x2 /usr/local/bin/../lib/gcc/arm-none-eabi/7.2.1/../../../../arm-none-eabi/lib/thumb/v6-m/libc_nano.a(lib_a-mlock.o)
                0x00000000000246d8                __malloc_lock
 .text.__malloc_unlock
                0x00000000000246da        0x2 /usr/local/bin/../lib/gcc/arm-none-eabi/7.2.1/../../../../arm-none-eabi/lib/thumb/v6-m/libc_nano.a(lib_a-mlock.o)
                0x00000000000246da                __malloc_unlock
 .text          0x00000000000246dc        0x0 /usr/local/bin/../lib/gcc/arm-none-eabi/7.2.1/../../../../arm-none-eabi/lib/thumb/v6-m/libc_nano.a(lib_a-nano-freer.o)
 .text._free_r  0x00000000000246dc       0x94 /usr/local/bin/../lib/gcc/arm-none-eabi/7.2.1/../../../../arm-none-eabi/lib/thumb/v6-m/libc_nano.a(lib_a-nano-freer.o)
                0x00000000000246dc                _free_r
 .text          0x0000000000024770        0x0 /usr/local/bin/../lib/gcc/arm-none-eabi/7.2.1/../../../../arm-none-eabi/lib/thumb/v6-m/libc_nano.a(lib_a-nano-reallocr.o)
 .text._realloc_r
                0x0000000000024770       0x4c /usr/local/bin/../lib/gcc/arm-none-eabi/7.2.1/../../../../arm-none-eabi/lib/thumb/v6-m/libc_nano.a(lib_a-nano-reallocr.o)
                0x0000000000024770                _realloc_r
 .text          0x00000000000247bc        0x0 /usr/local/bin/../lib/gcc/arm-none-eabi/7.2.1/../../../../arm-none-eabi/lib/thumb/v6-m/libc_nano.a(lib_a-readr.o)
 .text._read_r  0x00000000000247bc       0x28 /usr/local/bin/../lib/gcc/arm-none-eabi/7.2.1/../../../../arm-none-eabi/lib/thumb/v6-m/libc_nano.a(lib_a-readr.o)
                0x00000000000247bc                _read_r
 .text          0x00000000000247e4        0x0 /usr/local/bin/../lib/gcc/arm-none-eabi/7.2.1/../../../../arm-none-eabi/lib/thumb/v6-m/libc_nano.a(lib_a-reent.o)
 .text.cleanup_glue
                0x00000000000247e4       0x1a /usr/local/bin/../lib/gcc/arm-none-eabi/7.2.1/../../../../arm-none-eabi/lib/thumb/v6-m/libc_nano.a(lib_a-reent.o)
                0x00000000000247e4                cleanup_glue
 *fill*         0x00000000000247fe        0x2 
 .text._reclaim_reent
                0x0000000000024800       0xcc /usr/local/bin/../lib/gcc/arm-none-eabi/7.2.1/../../../../arm-none-eabi/lib/thumb/v6-m/libc_nano.a(lib_a-reent.o)
                0x0000000000024800                _reclaim_reent
 .text          0x00000000000248cc        0x0 /usr/local/bin/../lib/gcc/arm-none-eabi/7.2.1/../../../../arm-none-eabi/lib/thumb/v6-m/libc_nano.a(lib_a-fstatr.o)
 .text._fstat_r
                0x00000000000248cc       0x24 /usr/local/bin/../lib/gcc/arm-none-eabi/7.2.1/../../../../arm-none-eabi/lib/thumb/v6-m/libc_nano.a(lib_a-fstatr.o)
                0x00000000000248cc                _fstat_r
 .text          0x00000000000248f0        0x0 /usr/local/bin/../lib/gcc/arm-none-eabi/7.2.1/../../../../arm-none-eabi/lib/thumb/v6-m/libc_nano.a(lib_a-isattyr.o)
 .text._isatty_r
                0x00000000000248f0       0x24 /usr/local/bin/../lib/gcc/arm-none-eabi/7.2.1/../../../../arm-none-eabi/lib/thumb/v6-m/libc_nano.a(lib_a-isattyr.o)
                0x00000000000248f0                _isatty_r
 .text          0x0000000000024914        0x0 /usr/local/bin/../lib/gcc/arm-none-eabi/7.2.1/../../../../arm-none-eabi/lib/thumb/v6-m/libc_nano.a(lib_a-nano-msizer.o)
 .text._malloc_usable_size_r
                0x0000000000024914       0x10 /usr/local/bin/../lib/gcc/arm-none-eabi/7.2.1/../../../../arm-none-eabi/lib/thumb/v6-m/libc_nano.a(lib_a-nano-msizer.o)
                0x0000000000024914                _malloc_usable_size_r
 .text          0x0000000000024924        0x0 /usr/local/bin/../lib/gcc/arm-none-eabi/7.2.1/thumb/v6-m/crtend.o
 .text          0x0000000000024924        0x0 /usr/local/bin/../lib/gcc/arm-none-eabi/7.2.1/thumb/v6-m/crtn.o
 .text          0x0000000000024924        0x0 /usr/local/bin/../lib/gcc/arm-none-eabi/7.2.1/../../../../arm-none-eabi/lib/thumb/v6-m/libnosys.a(close.o)
 .text._close   0x0000000000024924       0x10 /usr/local/bin/../lib/gcc/arm-none-eabi/7.2.1/../../../../arm-none-eabi/lib/thumb/v6-m/libnosys.a(close.o)
                0x0000000000024924                _close
 .text          0x0000000000024934        0x0 /usr/local/bin/../lib/gcc/arm-none-eabi/7.2.1/../../../../arm-none-eabi/lib/thumb/v6-m/libnosys.a(fstat.o)
 .text._fstat   0x0000000000024934       0x10 /usr/local/bin/../lib/gcc/arm-none-eabi/7.2.1/../../../../arm-none-eabi/lib/thumb/v6-m/libnosys.a(fstat.o)
                0x0000000000024934                _fstat
 .text          0x0000000000024944        0x0 /usr/local/bin/../lib/gcc/arm-none-eabi/7.2.1/../../../../arm-none-eabi/lib/thumb/v6-m/libnosys.a(isatty.o)
 .text._isatty  0x0000000000024944       0x10 /usr/local/bin/../lib/gcc/arm-none-eabi/7.2.1/../../../../arm-none-eabi/lib/thumb/v6-m/libnosys.a(isatty.o)
                0x0000000000024944                _isatty
 .text          0x0000000000024954        0x0 /usr/local/bin/../lib/gcc/arm-none-eabi/7.2.1/../../../../arm-none-eabi/lib/thumb/v6-m/libnosys.a(lseek.o)
 .text._lseek   0x0000000000024954       0x10 /usr/local/bin/../lib/gcc/arm-none-eabi/7.2.1/../../../../arm-none-eabi/lib/thumb/v6-m/libnosys.a(lseek.o)
                0x0000000000024954                _lseek
 .text          0x0000000000024964        0x0 /usr/local/bin/../lib/gcc/arm-none-eabi/7.2.1/../../../../arm-none-eabi/lib/thumb/v6-m/libnosys.a(read.o)
 .text._read    0x0000000000024964       0x10 /usr/local/bin/../lib/gcc/arm-none-eabi/7.2.1/../../../../arm-none-eabi/lib/thumb/v6-m/libnosys.a(read.o)
                0x0000000000024964                _read
 .text          0x0000000000024974        0x0 /usr/local/bin/../lib/gcc/arm-none-eabi/7.2.1/../../../../arm-none-eabi/lib/thumb/v6-m/libnosys.a(sbrk.o)
 .text._sbrk    0x0000000000024974       0x1c /usr/local/bin/../lib/gcc/arm-none-eabi/7.2.1/../../../../arm-none-eabi/lib/thumb/v6-m/libnosys.a(sbrk.o)
                0x0000000000024974                _sbrk
 .text          0x0000000000024990        0x0 /usr/local/bin/../lib/gcc/arm-none-eabi/7.2.1/../../../../arm-none-eabi/lib/thumb/v6-m/libnosys.a(write.o)
 .text._write   0x0000000000024990       0x10 /usr/local/bin/../lib/gcc/arm-none-eabi/7.2.1/../../../../arm-none-eabi/lib/thumb/v6-m/libnosys.a(write.o)
                0x0000000000024990                _write
 .text          0x00000000000249a0        0x0 /usr/local/bin/../lib/gcc/arm-none-eabi/7.2.1/../../../../arm-none-eabi/lib/thumb/v6-m/libnosys.a(_exit.o)
 .text._exit    0x00000000000249a0        0x4 /usr/local/bin/../lib/gcc/arm-none-eabi/7.2.1/../../../../arm-none-eabi/lib/thumb/v6-m/libnosys.a(_exit.o)
                0x00000000000249a0                _exit
 *(.init)
 .init          0x00000000000249a4        0x4 /usr/local/bin/../lib/gcc/arm-none-eabi/7.2.1/thumb/v6-m/crti.o
                0x00000000000249a4                _init
 .init          0x00000000000249a8        0x8 /usr/local/bin/../lib/gcc/arm-none-eabi/7.2.1/thumb/v6-m/crtn.o
 *(.fini)
 .fini          0x00000000000249b0        0x4 /usr/local/bin/../lib/gcc/arm-none-eabi/7.2.1/thumb/v6-m/crti.o
                0x00000000000249b0                _fini
 .fini          0x00000000000249b4        0x8 /usr/local/bin/../lib/gcc/arm-none-eabi/7.2.1/thumb/v6-m/crtn.o
 *crtbegin.o(.ctors)
 *crtbegin?.o(.ctors)
 *(EXCLUDE_FILE(*crtend.o *crtend?.o) .ctors)
 *(SORT_BY_NAME(.ctors.*))
 *(.ctors)
 *crtbegin.o(.dtors)
 *crtbegin?.o(.dtors)
 *(EXCLUDE_FILE(*crtend.o *crtend?.o) .dtors)
 *(SORT_BY_NAME(.dtors.*))
 *(.dtors)
 *(.rodata*)
 .rodata        0x00000000000249bc       0x3c src/ble/ble.o
 .rodata        0x00000000000249f8       0x14 src/ble/timeslot.o
 .rodata        0x0000000000024a0c       0x3c nrf51_sdk/nrf51822/Source/ble/ble_services/ble_srv_common.o
 .rodata        0x0000000000024a48       0x35 nrf51_sdk/nrf51822/Source/ble/ble_services/ble_dis.o
 *fill*         0x0000000000024a7d        0x3 
 .rodata        0x0000000000024a80       0x39 nrf51_sdk/nrf51822/Source/sd_common/softdevice_handler.o
 *fill*         0x0000000000024ab9        0x3 
 .rodata        0x0000000000024abc       0x31 nrf51_sdk/nrf51822/Source/app_common/app_timer.o
 *fill*         0x0000000000024aed        0x3 
 .rodata        0x0000000000024af0       0x1c nrf51_sdk/nrf51822/Source/app_common/pstorage.o
 .rodata        0x0000000000024b0c      0x18c nrf51_sdk/nrf51822/Source/ble/device_manager/device_manager_peripheral.o
                0x0000000000024b0c                m_service_context_store
                0x0000000000024b1c                m_service_context_load
                0x0000000000024b2c                m_service_context_apply
                0x0000000000024b3c                m_context_init_len
 .rodata        0x0000000000024c98       0x90 src/main.o
 .rodata        0x0000000000024d28       0x23 src/syslink.o
 *fill*         0x0000000000024d4b        0x1 
 .rodata        0x0000000000024d4c       0x14 src/pm_cf2.o
                0x0000000000024d4c                statesFunctions
 .rodata        0x0000000000024d60       0x35 src/ds28e05.o
 *fill*         0x0000000000024d95        0x3 
 .rodata        0x0000000000024d98       0x31 src/platform.o
 *fill*         0x0000000000024dc9        0x3 
 .rodata        0x0000000000024dcc       0x80 /usr/local/bin/../lib/gcc/arm-none-eabi/7.2.1/thumb/v6-m/libgcc.a(divsf3.o)
 .rodata        0x0000000000024e4c       0x40 /usr/local/bin/../lib/gcc/arm-none-eabi/7.2.1/thumb/v6-m/libgcc.a(mulsf3.o)
 .rodata._global_impure_ptr
                0x0000000000024e8c        0x4 /usr/local/bin/../lib/gcc/arm-none-eabi/7.2.1/../../../../arm-none-eabi/lib/thumb/v6-m/libc_nano.a(lib_a-impure.o)
                0x0000000000024e8c                _global_impure_ptr
 .rodata.__sf_fake_stderr
                0x0000000000024e90       0x20 /usr/local/bin/../lib/gcc/arm-none-eabi/7.2.1/../../../../arm-none-eabi/lib/thumb/v6-m/libc_nano.a(lib_a-findfp.o)
                0x0000000000024e90                __sf_fake_stderr
 .rodata.__sf_fake_stdin
                0x0000000000024eb0       0x20 /usr/local/bin/../lib/gcc/arm-none-eabi/7.2.1/../../../../arm-none-eabi/lib/thumb/v6-m/libc_nano.a(lib_a-findfp.o)
                0x0000000000024eb0                __sf_fake_stdin
 .rodata.__sf_fake_stdout
                0x0000000000024ed0       0x20 /usr/local/bin/../lib/gcc/arm-none-eabi/7.2.1/../../../../arm-none-eabi/lib/thumb/v6-m/libc_nano.a(lib_a-findfp.o)
                0x0000000000024ed0                __sf_fake_stdout
 .rodata._vfprintf_r.str1.1
                0x0000000000024ef0       0x11 /usr/local/bin/../lib/gcc/arm-none-eabi/7.2.1/../../../../arm-none-eabi/lib/thumb/v6-m/libc_nano.a(lib_a-nano-vfprintf.o)
 .rodata._printf_i.str1.1
                0x0000000000024f01       0x22 /usr/local/bin/../lib/gcc/arm-none-eabi/7.2.1/../../../../arm-none-eabi/lib/thumb/v6-m/libc_nano.a(lib_a-nano-vfprintf_i.o)
 *(.eh_frame*)
 *fill*         0x0000000000024f23        0x1 
 .eh_frame      0x0000000000024f24        0x0 /usr/local/bin/../lib/gcc/arm-none-eabi/7.2.1/thumb/v6-m/crtbegin.o
 .eh_frame      0x0000000000024f24        0x4 /usr/local/bin/../lib/gcc/arm-none-eabi/7.2.1/thumb/v6-m/crtend.o

.glue_7         0x0000000000024f28        0x0
 .glue_7        0x0000000000024f28        0x0 linker stubs

.glue_7t        0x0000000000024f28        0x0
 .glue_7t       0x0000000000024f28        0x0 linker stubs

.vfp11_veneer   0x0000000000024f28        0x0
 .vfp11_veneer  0x0000000000024f28        0x0 linker stubs

.v4_bx          0x0000000000024f28        0x0
 .v4_bx         0x0000000000024f28        0x0 linker stubs

.iplt           0x0000000000024f28        0x0
 .iplt          0x0000000000024f28        0x0 /usr/local/bin/../lib/gcc/arm-none-eabi/7.2.1/thumb/v6-m/crtbegin.o

.ARM.extab      0x0000000000024f28        0x0
 *(.ARM.extab* .gnu.linkonce.armextab.*)
 .ARM.extab     0x0000000000024f28        0x0 /usr/local/bin/../lib/gcc/arm-none-eabi/7.2.1/../../../../arm-none-eabi/lib/thumb/v6-m/crt0.o
 .ARM.extab     0x0000000000024f28        0x0 gcc_startup_nrf51.o
                0x0000000000024f28                __exidx_start = .

.ARM.exidx      0x0000000000024f28        0x8
 *(.ARM.exidx* .gnu.linkonce.armexidx.*)
 .ARM.exidx     0x0000000000024f28        0x8 /usr/local/bin/../lib/gcc/arm-none-eabi/7.2.1/../../../../arm-none-eabi/lib/thumb/v6-m/crt0.o
 .ARM.exidx     0x0000000000024f30        0x0 gcc_startup_nrf51.o
                                          0x8 (size before relaxing)
                0x0000000000024f30                __exidx_end = .
                0x0000000000024f30                __etext = .

.rel.dyn        0x0000000000024f30        0x0
 .rel.iplt      0x0000000000024f30        0x0 /usr/local/bin/../lib/gcc/arm-none-eabi/7.2.1/thumb/v6-m/crtbegin.o

.data           0x0000000020002000      0x25c load address 0x0000000000024f30
                0x0000000020002000                __data_start__ = .
 *(vtable)
 *(.data*)
 .data          0x0000000020002000        0x0 /usr/local/bin/../lib/gcc/arm-none-eabi/7.2.1/thumb/v6-m/crti.o
 .data          0x0000000020002000        0x4 /usr/local/bin/../lib/gcc/arm-none-eabi/7.2.1/thumb/v6-m/crtbegin.o
                0x0000000020002000                __dso_handle
 .data          0x0000000020002004        0x0 /usr/local/bin/../lib/gcc/arm-none-eabi/7.2.1/../../../../arm-none-eabi/lib/thumb/v6-m/crt0.o
 .data          0x0000000020002004        0x0 src/ble/ble.o
 .data          0x0000000020002004       0x89 src/ble/ble_crazyflies.o
 *fill*         0x000000002000208d        0x3 
 .data          0x0000000020002090       0x10 src/ble/timeslot.o
 .data          0x00000000200020a0        0x0 nrf51_sdk/nrf51822/Source/ble/ble_advdata.o
 .data          0x00000000200020a0        0x0 nrf51_sdk/nrf51822/Source/ble/ble_conn_params.o
 .data          0x00000000200020a0        0x0 nrf51_sdk/nrf51822/Source/ble/ble_services/ble_srv_common.o
 .data          0x00000000200020a0        0x0 nrf51_sdk/nrf51822/Source/ble/ble_services/ble_dis.o
 .data          0x00000000200020a0        0x0 nrf51_sdk/nrf51822/Source/sd_common/softdevice_handler.o
 .data          0x00000000200020a0        0x0 nrf51_sdk/nrf51822/Source/app_common/app_timer.o
 .data          0x00000000200020a0        0x0 nrf51_sdk/nrf51822/Source/app_common/pstorage.o
 .data          0x00000000200020a0        0x0 nrf51_sdk/nrf51822/Source/ble/device_manager/device_manager_peripheral.o
 .data          0x00000000200020a0        0x0 src/main.o
 .data          0x00000000200020a0        0x0 gcc_startup_nrf51.o
 .data          0x00000000200020a0        0x4 system_nrf51.o
                0x00000000200020a0                SystemCoreClock
 .data          0x00000000200020a4        0x0 src/uart.o
 .data          0x00000000200020a4        0x0 src/syslink.o
 .data          0x00000000200020a4        0x0 src/pm_cf2.o
 .data          0x00000000200020a4        0x0 src/systick.o
 .data          0x00000000200020a4        0x0 src/button.o
 .data          0x00000000200020a4        0x0 src/swd.o
 .data          0x00000000200020a4        0x0 src/ow.o
 .data          0x00000000200020a4        0x0 src/ow/owlnk.o
 .data          0x00000000200020a4        0x0 src/ow/ownet.o
 .data          0x00000000200020a4        0x0 src/ow/owtran.o
 .data          0x00000000200020a4      0x120 src/ow/crcutil.o
 .data          0x00000000200021c4        0x0 src/ds2431.o
 .data          0x00000000200021c4        0x0 src/ds28e05.o
 *fill*         0x00000000200021c4        0x4 
 .data          0x00000000200021c8       0x20 src/esb.o
 .data          0x00000000200021e8        0x0 src/memory.o
 .data          0x00000000200021e8        0x8 src/platform.o
 .data          0x00000000200021f0        0x0 src/platform_tag.o
 .data          0x00000000200021f0        0x0 /usr/local/bin/../lib/gcc/arm-none-eabi/7.2.1/thumb/v6-m/libgcc.a(_udivsi3.o)
 .data          0x00000000200021f0        0x0 /usr/local/bin/../lib/gcc/arm-none-eabi/7.2.1/thumb/v6-m/libgcc.a(_divsi3.o)
 .data          0x00000000200021f0        0x0 /usr/local/bin/../lib/gcc/arm-none-eabi/7.2.1/thumb/v6-m/libgcc.a(_dvmd_tls.o)
 .data          0x00000000200021f0        0x0 /usr/local/bin/../lib/gcc/arm-none-eabi/7.2.1/thumb/v6-m/libgcc.a(divsf3.o)
 .data          0x00000000200021f0        0x0 /usr/local/bin/../lib/gcc/arm-none-eabi/7.2.1/thumb/v6-m/libgcc.a(mulsf3.o)
 .data          0x00000000200021f0        0x0 /usr/local/bin/../lib/gcc/arm-none-eabi/7.2.1/thumb/v6-m/libgcc.a(floatsisf.o)
 .data          0x00000000200021f0        0x0 /usr/local/bin/../lib/gcc/arm-none-eabi/7.2.1/thumb/v6-m/libgcc.a(_clzsi2.o)
 .data          0x00000000200021f0        0x0 /usr/local/bin/../lib/gcc/arm-none-eabi/7.2.1/../../../../arm-none-eabi/lib/thumb/v6-m/libc_nano.a(lib_a-bzero.o)
 .data          0x00000000200021f0        0x0 /usr/local/bin/../lib/gcc/arm-none-eabi/7.2.1/../../../../arm-none-eabi/lib/thumb/v6-m/libc_nano.a(lib_a-errno.o)
 .data          0x00000000200021f0        0x0 /usr/local/bin/../lib/gcc/arm-none-eabi/7.2.1/../../../../arm-none-eabi/lib/thumb/v6-m/libc_nano.a(lib_a-exit.o)
 .data          0x00000000200021f0        0x0 /usr/local/bin/../lib/gcc/arm-none-eabi/7.2.1/../../../../arm-none-eabi/lib/thumb/v6-m/libc_nano.a(lib_a-impure.o)
 .data._impure_ptr
                0x00000000200021f0        0x4 /usr/local/bin/../lib/gcc/arm-none-eabi/7.2.1/../../../../arm-none-eabi/lib/thumb/v6-m/libc_nano.a(lib_a-impure.o)
                0x00000000200021f0                _impure_ptr
 .data.impure_data
                0x00000000200021f4       0x60 /usr/local/bin/../lib/gcc/arm-none-eabi/7.2.1/../../../../arm-none-eabi/lib/thumb/v6-m/libc_nano.a(lib_a-impure.o)
 .data          0x0000000020002254        0x0 /usr/local/bin/../lib/gcc/arm-none-eabi/7.2.1/../../../../arm-none-eabi/lib/thumb/v6-m/libc_nano.a(lib_a-init.o)
 .data          0x0000000020002254        0x0 /usr/local/bin/../lib/gcc/arm-none-eabi/7.2.1/../../../../arm-none-eabi/lib/thumb/v6-m/libc_nano.a(lib_a-memcmp.o)
 .data          0x0000000020002254        0x0 /usr/local/bin/../lib/gcc/arm-none-eabi/7.2.1/../../../../arm-none-eabi/lib/thumb/v6-m/libc_nano.a(lib_a-memcpy-stub.o)
 .data          0x0000000020002254        0x0 /usr/local/bin/../lib/gcc/arm-none-eabi/7.2.1/../../../../arm-none-eabi/lib/thumb/v6-m/libc_nano.a(lib_a-memset.o)
 .data          0x0000000020002254        0x0 /usr/local/bin/../lib/gcc/arm-none-eabi/7.2.1/../../../../arm-none-eabi/lib/thumb/v6-m/libc_nano.a(lib_a-printf.o)
 .data          0x0000000020002254        0x0 /usr/local/bin/../lib/gcc/arm-none-eabi/7.2.1/../../../../arm-none-eabi/lib/thumb/v6-m/libc_nano.a(lib_a-strcmp.o)
 .data          0x0000000020002254        0x0 /usr/local/bin/../lib/gcc/arm-none-eabi/7.2.1/../../../../arm-none-eabi/lib/thumb/v6-m/libc_nano.a(lib_a-strlen.o)
 .data          0x0000000020002254        0x0 /usr/local/bin/../lib/gcc/arm-none-eabi/7.2.1/../../../../arm-none-eabi/lib/thumb/v6-m/libc_nano.a(lib_a-strncpy.o)
 .data          0x0000000020002254        0x0 /usr/local/bin/../lib/gcc/arm-none-eabi/7.2.1/../../../../arm-none-eabi/lib/thumb/v6-m/libc_nano.a(lib_a-strtok_r.o)
 .data          0x0000000020002254        0x0 /usr/local/bin/../lib/gcc/arm-none-eabi/7.2.1/../../../../arm-none-eabi/lib/thumb/v6-m/libc_nano.a(lib_a-findfp.o)
 .data          0x0000000020002254        0x0 /usr/local/bin/../lib/gcc/arm-none-eabi/7.2.1/../../../../arm-none-eabi/lib/thumb/v6-m/libc_nano.a(lib_a-fwalk.o)
 .data          0x0000000020002254        0x0 /usr/local/bin/../lib/gcc/arm-none-eabi/7.2.1/../../../../arm-none-eabi/lib/thumb/v6-m/libc_nano.a(lib_a-nano-mallocr.o)
 .data          0x0000000020002254        0x0 /usr/local/bin/../lib/gcc/arm-none-eabi/7.2.1/../../../../arm-none-eabi/lib/thumb/v6-m/libc_nano.a(lib_a-nano-vfprintf.o)
 .data          0x0000000020002254        0x0 /usr/local/bin/../lib/gcc/arm-none-eabi/7.2.1/../../../../arm-none-eabi/lib/thumb/v6-m/libc_nano.a(lib_a-nano-vfprintf_i.o)
 .data          0x0000000020002254        0x0 /usr/local/bin/../lib/gcc/arm-none-eabi/7.2.1/../../../../arm-none-eabi/lib/thumb/v6-m/libc_nano.a(lib_a-sbrkr.o)
 .data          0x0000000020002254        0x0 /usr/local/bin/../lib/gcc/arm-none-eabi/7.2.1/../../../../arm-none-eabi/lib/thumb/v6-m/libc_nano.a(lib_a-stdio.o)
 .data          0x0000000020002254        0x0 /usr/local/bin/../lib/gcc/arm-none-eabi/7.2.1/../../../../arm-none-eabi/lib/thumb/v6-m/libc_nano.a(lib_a-wbuf.o)
 .data          0x0000000020002254        0x0 /usr/local/bin/../lib/gcc/arm-none-eabi/7.2.1/../../../../arm-none-eabi/lib/thumb/v6-m/libc_nano.a(lib_a-writer.o)
 .data          0x0000000020002254        0x0 /usr/local/bin/../lib/gcc/arm-none-eabi/7.2.1/../../../../arm-none-eabi/lib/thumb/v6-m/libc_nano.a(lib_a-wsetup.o)
 .data          0x0000000020002254        0x0 /usr/local/bin/../lib/gcc/arm-none-eabi/7.2.1/../../../../arm-none-eabi/lib/thumb/v6-m/libc_nano.a(lib_a-closer.o)
 .data          0x0000000020002254        0x0 /usr/local/bin/../lib/gcc/arm-none-eabi/7.2.1/../../../../arm-none-eabi/lib/thumb/v6-m/libc_nano.a(lib_a-fflush.o)
 .data          0x0000000020002254        0x0 /usr/local/bin/../lib/gcc/arm-none-eabi/7.2.1/../../../../arm-none-eabi/lib/thumb/v6-m/libc_nano.a(lib_a-fvwrite.o)
 .data          0x0000000020002254        0x0 /usr/local/bin/../lib/gcc/arm-none-eabi/7.2.1/../../../../arm-none-eabi/lib/thumb/v6-m/libc_nano.a(lib_a-lseekr.o)
 .data          0x0000000020002254        0x0 /usr/local/bin/../lib/gcc/arm-none-eabi/7.2.1/../../../../arm-none-eabi/lib/thumb/v6-m/libc_nano.a(lib_a-makebuf.o)
 .data          0x0000000020002254        0x0 /usr/local/bin/../lib/gcc/arm-none-eabi/7.2.1/../../../../arm-none-eabi/lib/thumb/v6-m/libc_nano.a(lib_a-memchr-stub.o)
 .data          0x0000000020002254        0x0 /usr/local/bin/../lib/gcc/arm-none-eabi/7.2.1/../../../../arm-none-eabi/lib/thumb/v6-m/libc_nano.a(lib_a-memmove.o)
 .data          0x0000000020002254        0x0 /usr/local/bin/../lib/gcc/arm-none-eabi/7.2.1/../../../../arm-none-eabi/lib/thumb/v6-m/libc_nano.a(lib_a-mlock.o)
 .data          0x0000000020002254        0x0 /usr/local/bin/../lib/gcc/arm-none-eabi/7.2.1/../../../../arm-none-eabi/lib/thumb/v6-m/libc_nano.a(lib_a-nano-freer.o)
 .data          0x0000000020002254        0x0 /usr/local/bin/../lib/gcc/arm-none-eabi/7.2.1/../../../../arm-none-eabi/lib/thumb/v6-m/libc_nano.a(lib_a-nano-reallocr.o)
 .data          0x0000000020002254        0x0 /usr/local/bin/../lib/gcc/arm-none-eabi/7.2.1/../../../../arm-none-eabi/lib/thumb/v6-m/libc_nano.a(lib_a-readr.o)
 .data          0x0000000020002254        0x0 /usr/local/bin/../lib/gcc/arm-none-eabi/7.2.1/../../../../arm-none-eabi/lib/thumb/v6-m/libc_nano.a(lib_a-reent.o)
 .data          0x0000000020002254        0x0 /usr/local/bin/../lib/gcc/arm-none-eabi/7.2.1/../../../../arm-none-eabi/lib/thumb/v6-m/libc_nano.a(lib_a-fstatr.o)
 .data          0x0000000020002254        0x0 /usr/local/bin/../lib/gcc/arm-none-eabi/7.2.1/../../../../arm-none-eabi/lib/thumb/v6-m/libc_nano.a(lib_a-isattyr.o)
 .data          0x0000000020002254        0x0 /usr/local/bin/../lib/gcc/arm-none-eabi/7.2.1/../../../../arm-none-eabi/lib/thumb/v6-m/libc_nano.a(lib_a-nano-msizer.o)
 .data          0x0000000020002254        0x0 /usr/local/bin/../lib/gcc/arm-none-eabi/7.2.1/thumb/v6-m/crtend.o
 .data          0x0000000020002254        0x0 /usr/local/bin/../lib/gcc/arm-none-eabi/7.2.1/thumb/v6-m/crtn.o
 .data          0x0000000020002254        0x0 /usr/local/bin/../lib/gcc/arm-none-eabi/7.2.1/../../../../arm-none-eabi/lib/thumb/v6-m/libnosys.a(close.o)
 .data          0x0000000020002254        0x0 /usr/local/bin/../lib/gcc/arm-none-eabi/7.2.1/../../../../arm-none-eabi/lib/thumb/v6-m/libnosys.a(fstat.o)
 .data          0x0000000020002254        0x0 /usr/local/bin/../lib/gcc/arm-none-eabi/7.2.1/../../../../arm-none-eabi/lib/thumb/v6-m/libnosys.a(isatty.o)
 .data          0x0000000020002254        0x0 /usr/local/bin/../lib/gcc/arm-none-eabi/7.2.1/../../../../arm-none-eabi/lib/thumb/v6-m/libnosys.a(lseek.o)
 .data          0x0000000020002254        0x0 /usr/local/bin/../lib/gcc/arm-none-eabi/7.2.1/../../../../arm-none-eabi/lib/thumb/v6-m/libnosys.a(read.o)
 .data          0x0000000020002254        0x0 /usr/local/bin/../lib/gcc/arm-none-eabi/7.2.1/../../../../arm-none-eabi/lib/thumb/v6-m/libnosys.a(sbrk.o)
 .data          0x0000000020002254        0x0 /usr/local/bin/../lib/gcc/arm-none-eabi/7.2.1/../../../../arm-none-eabi/lib/thumb/v6-m/libnosys.a(write.o)
 .data          0x0000000020002254        0x0 /usr/local/bin/../lib/gcc/arm-none-eabi/7.2.1/../../../../arm-none-eabi/lib/thumb/v6-m/libnosys.a(_exit.o)
                0x0000000020002254                . = ALIGN (0x4)
                0x0000000020002254                PROVIDE (__preinit_array_start, .)
 *(.preinit_array)
                0x0000000020002254                PROVIDE (__preinit_array_end, .)
                0x0000000020002254                . = ALIGN (0x4)
                0x0000000020002254                PROVIDE (__init_array_start, .)
 *(SORT_BY_NAME(.init_array.*))
 *(.init_array)
 .init_array    0x0000000020002254        0x4 /usr/local/bin/../lib/gcc/arm-none-eabi/7.2.1/thumb/v6-m/crtbegin.o
                0x0000000020002258                PROVIDE (__init_array_end, .)
                0x0000000020002258                . = ALIGN (0x4)
                [!provide]                        PROVIDE (__fini_array_start, .)
 *(SORT_BY_NAME(.fini_array.*))
 *(.fini_array)
 .fini_array    0x0000000020002258        0x4 /usr/local/bin/../lib/gcc/arm-none-eabi/7.2.1/thumb/v6-m/crtbegin.o
                [!provide]                        PROVIDE (__fini_array_end, .)
 *(.jcr)
                0x000000002000225c                . = ALIGN (0x4)
                0x000000002000225c                __data_end__ = .

.igot.plt       0x000000002000225c        0x0 load address 0x000000000002518c
 .igot.plt      0x000000002000225c        0x0 /usr/local/bin/../lib/gcc/arm-none-eabi/7.2.1/thumb/v6-m/crtbegin.o

.bss            0x000000002000225c     0x10e8 load address 0x000000000002518c
                0x000000002000225c                . = ALIGN (0x4)
                0x000000002000225c                __bss_start__ = .
 *(.bss*)
 .bss           0x000000002000225c        0x0 /usr/local/bin/../lib/gcc/arm-none-eabi/7.2.1/thumb/v6-m/crti.o
 .bss           0x000000002000225c       0x1c /usr/local/bin/../lib/gcc/arm-none-eabi/7.2.1/thumb/v6-m/crtbegin.o
 .bss           0x0000000020002278        0x0 /usr/local/bin/../lib/gcc/arm-none-eabi/7.2.1/../../../../arm-none-eabi/lib/thumb/v6-m/crt0.o
 .bss           0x0000000020002278      0x320 src/ble/ble.o
 .bss           0x0000000020002598       0x84 src/ble/ble_crazyflies.o
 .bss           0x000000002000261c        0x8 src/ble/timeslot.o
 .bss           0x0000000020002624        0x0 nrf51_sdk/nrf51822/Source/ble/ble_advdata.o
 .bss           0x0000000020002624       0x35 nrf51_sdk/nrf51822/Source/ble/ble_conn_params.o
 .bss           0x0000000020002659        0x0 nrf51_sdk/nrf51822/Source/ble/ble_services/ble_srv_common.o
 *fill*         0x0000000020002659        0x3 
 .bss           0x000000002000265c       0x4c nrf51_sdk/nrf51822/Source/ble/ble_services/ble_dis.o
 .bss           0x00000000200026a8       0x14 nrf51_sdk/nrf51822/Source/sd_common/softdevice_handler.o
 .bss           0x00000000200026bc       0x29 nrf51_sdk/nrf51822/Source/app_common/app_timer.o
 *fill*         0x00000000200026e5        0x3 
 .bss           0x00000000200026e8       0xe8 nrf51_sdk/nrf51822/Source/app_common/pstorage.o
 .bss           0x00000000200027d0      0x11f nrf51_sdk/nrf51822/Source/ble/device_manager/device_manager_peripheral.o
 *fill*         0x00000000200028ef        0x1 
 .bss           0x00000000200028f0       0xe0 src/main.o
 .bss           0x00000000200029d0        0x0 gcc_startup_nrf51.o
 .bss           0x00000000200029d0        0x0 system_nrf51.o
 .bss           0x00000000200029d0       0x98 src/uart.o
                0x0000000020002a64                error
 .bss           0x0000000020002a68       0x10 src/syslink.o
 .bss           0x0000000020002a78       0x14 src/pm_cf2.o
 .bss           0x0000000020002a8c        0x4 src/systick.o
 .bss           0x0000000020002a90       0x10 src/button.o
 .bss           0x0000000020002aa0        0x0 src/swd.o
 .bss           0x0000000020002aa0        0x0 src/ow.o
 .bss           0x0000000020002aa0        0x8 src/ow/owlnk.o
 .bss           0x0000000020002aa8       0xc0 src/ow/ownet.o
 .bss           0x0000000020002b68        0x0 src/ow/owtran.o
 .bss           0x0000000020002b68        0x0 src/ow/crcutil.o
 .bss           0x0000000020002b68        0x0 src/ds2431.o
 .bss           0x0000000020002b68        0x0 src/ds28e05.o
 .bss           0x0000000020002b68      0x600 src/esb.o
 .bss           0x0000000020003168       0x8a src/memory.o
 *fill*         0x00000000200031f2        0x2 
 .bss           0x00000000200031f4       0x47 src/platform.o
 .bss           0x000000002000323b        0x0 src/platform_tag.o
 .bss           0x000000002000323b        0x0 /usr/local/bin/../lib/gcc/arm-none-eabi/7.2.1/thumb/v6-m/libgcc.a(_udivsi3.o)
 .bss           0x000000002000323b        0x0 /usr/local/bin/../lib/gcc/arm-none-eabi/7.2.1/thumb/v6-m/libgcc.a(_divsi3.o)
 .bss           0x000000002000323b        0x0 /usr/local/bin/../lib/gcc/arm-none-eabi/7.2.1/thumb/v6-m/libgcc.a(_dvmd_tls.o)
 .bss           0x000000002000323b        0x0 /usr/local/bin/../lib/gcc/arm-none-eabi/7.2.1/thumb/v6-m/libgcc.a(divsf3.o)
 .bss           0x000000002000323b        0x0 /usr/local/bin/../lib/gcc/arm-none-eabi/7.2.1/thumb/v6-m/libgcc.a(mulsf3.o)
 .bss           0x000000002000323b        0x0 /usr/local/bin/../lib/gcc/arm-none-eabi/7.2.1/thumb/v6-m/libgcc.a(floatsisf.o)
 .bss           0x000000002000323b        0x0 /usr/local/bin/../lib/gcc/arm-none-eabi/7.2.1/thumb/v6-m/libgcc.a(_clzsi2.o)
 .bss           0x000000002000323b        0x0 /usr/local/bin/../lib/gcc/arm-none-eabi/7.2.1/../../../../arm-none-eabi/lib/thumb/v6-m/libc_nano.a(lib_a-bzero.o)
 .bss           0x000000002000323b        0x0 /usr/local/bin/../lib/gcc/arm-none-eabi/7.2.1/../../../../arm-none-eabi/lib/thumb/v6-m/libc_nano.a(lib_a-errno.o)
 .bss           0x000000002000323b        0x0 /usr/local/bin/../lib/gcc/arm-none-eabi/7.2.1/../../../../arm-none-eabi/lib/thumb/v6-m/libc_nano.a(lib_a-exit.o)
 .bss           0x000000002000323b        0x0 /usr/local/bin/../lib/gcc/arm-none-eabi/7.2.1/../../../../arm-none-eabi/lib/thumb/v6-m/libc_nano.a(lib_a-impure.o)
 .bss           0x000000002000323b        0x0 /usr/local/bin/../lib/gcc/arm-none-eabi/7.2.1/../../../../arm-none-eabi/lib/thumb/v6-m/libc_nano.a(lib_a-init.o)
 .bss           0x000000002000323b        0x0 /usr/local/bin/../lib/gcc/arm-none-eabi/7.2.1/../../../../arm-none-eabi/lib/thumb/v6-m/libc_nano.a(lib_a-memcmp.o)
 .bss           0x000000002000323b        0x0 /usr/local/bin/../lib/gcc/arm-none-eabi/7.2.1/../../../../arm-none-eabi/lib/thumb/v6-m/libc_nano.a(lib_a-memcpy-stub.o)
 .bss           0x000000002000323b        0x0 /usr/local/bin/../lib/gcc/arm-none-eabi/7.2.1/../../../../arm-none-eabi/lib/thumb/v6-m/libc_nano.a(lib_a-memset.o)
 .bss           0x000000002000323b        0x0 /usr/local/bin/../lib/gcc/arm-none-eabi/7.2.1/../../../../arm-none-eabi/lib/thumb/v6-m/libc_nano.a(lib_a-printf.o)
 .bss           0x000000002000323b        0x0 /usr/local/bin/../lib/gcc/arm-none-eabi/7.2.1/../../../../arm-none-eabi/lib/thumb/v6-m/libc_nano.a(lib_a-strcmp.o)
 .bss           0x000000002000323b        0x0 /usr/local/bin/../lib/gcc/arm-none-eabi/7.2.1/../../../../arm-none-eabi/lib/thumb/v6-m/libc_nano.a(lib_a-strlen.o)
 .bss           0x000000002000323b        0x0 /usr/local/bin/../lib/gcc/arm-none-eabi/7.2.1/../../../../arm-none-eabi/lib/thumb/v6-m/libc_nano.a(lib_a-strncpy.o)
 .bss           0x000000002000323b        0x0 /usr/local/bin/../lib/gcc/arm-none-eabi/7.2.1/../../../../arm-none-eabi/lib/thumb/v6-m/libc_nano.a(lib_a-strtok_r.o)
 .bss           0x000000002000323b        0x0 /usr/local/bin/../lib/gcc/arm-none-eabi/7.2.1/../../../../arm-none-eabi/lib/thumb/v6-m/libc_nano.a(lib_a-findfp.o)
 .bss           0x000000002000323b        0x0 /usr/local/bin/../lib/gcc/arm-none-eabi/7.2.1/../../../../arm-none-eabi/lib/thumb/v6-m/libc_nano.a(lib_a-fwalk.o)
 .bss           0x000000002000323b        0x0 /usr/local/bin/../lib/gcc/arm-none-eabi/7.2.1/../../../../arm-none-eabi/lib/thumb/v6-m/libc_nano.a(lib_a-nano-mallocr.o)
 *fill*         0x000000002000323b        0x1 
 .bss.__malloc_free_list
                0x000000002000323c        0x4 /usr/local/bin/../lib/gcc/arm-none-eabi/7.2.1/../../../../arm-none-eabi/lib/thumb/v6-m/libc_nano.a(lib_a-nano-mallocr.o)
                0x000000002000323c                __malloc_free_list
 .bss.__malloc_sbrk_start
                0x0000000020003240        0x4 /usr/local/bin/../lib/gcc/arm-none-eabi/7.2.1/../../../../arm-none-eabi/lib/thumb/v6-m/libc_nano.a(lib_a-nano-mallocr.o)
                0x0000000020003240                __malloc_sbrk_start
 .bss           0x0000000020003244        0x0 /usr/local/bin/../lib/gcc/arm-none-eabi/7.2.1/../../../../arm-none-eabi/lib/thumb/v6-m/libc_nano.a(lib_a-nano-vfprintf.o)
 .bss           0x0000000020003244        0x0 /usr/local/bin/../lib/gcc/arm-none-eabi/7.2.1/../../../../arm-none-eabi/lib/thumb/v6-m/libc_nano.a(lib_a-nano-vfprintf_i.o)
 .bss           0x0000000020003244        0x0 /usr/local/bin/../lib/gcc/arm-none-eabi/7.2.1/../../../../arm-none-eabi/lib/thumb/v6-m/libc_nano.a(lib_a-sbrkr.o)
 .bss           0x0000000020003244        0x0 /usr/local/bin/../lib/gcc/arm-none-eabi/7.2.1/../../../../arm-none-eabi/lib/thumb/v6-m/libc_nano.a(lib_a-stdio.o)
 .bss           0x0000000020003244        0x0 /usr/local/bin/../lib/gcc/arm-none-eabi/7.2.1/../../../../arm-none-eabi/lib/thumb/v6-m/libc_nano.a(lib_a-wbuf.o)
 .bss           0x0000000020003244        0x0 /usr/local/bin/../lib/gcc/arm-none-eabi/7.2.1/../../../../arm-none-eabi/lib/thumb/v6-m/libc_nano.a(lib_a-writer.o)
 .bss           0x0000000020003244        0x0 /usr/local/bin/../lib/gcc/arm-none-eabi/7.2.1/../../../../arm-none-eabi/lib/thumb/v6-m/libc_nano.a(lib_a-wsetup.o)
 .bss           0x0000000020003244        0x0 /usr/local/bin/../lib/gcc/arm-none-eabi/7.2.1/../../../../arm-none-eabi/lib/thumb/v6-m/libc_nano.a(lib_a-closer.o)
 .bss           0x0000000020003244        0x0 /usr/local/bin/../lib/gcc/arm-none-eabi/7.2.1/../../../../arm-none-eabi/lib/thumb/v6-m/libc_nano.a(lib_a-fflush.o)
 .bss           0x0000000020003244        0x0 /usr/local/bin/../lib/gcc/arm-none-eabi/7.2.1/../../../../arm-none-eabi/lib/thumb/v6-m/libc_nano.a(lib_a-fvwrite.o)
 .bss           0x0000000020003244        0x0 /usr/local/bin/../lib/gcc/arm-none-eabi/7.2.1/../../../../arm-none-eabi/lib/thumb/v6-m/libc_nano.a(lib_a-lseekr.o)
 .bss           0x0000000020003244        0x0 /usr/local/bin/../lib/gcc/arm-none-eabi/7.2.1/../../../../arm-none-eabi/lib/thumb/v6-m/libc_nano.a(lib_a-makebuf.o)
 .bss           0x0000000020003244        0x0 /usr/local/bin/../lib/gcc/arm-none-eabi/7.2.1/../../../../arm-none-eabi/lib/thumb/v6-m/libc_nano.a(lib_a-memchr-stub.o)
 .bss           0x0000000020003244        0x0 /usr/local/bin/../lib/gcc/arm-none-eabi/7.2.1/../../../../arm-none-eabi/lib/thumb/v6-m/libc_nano.a(lib_a-memmove.o)
 .bss           0x0000000020003244        0x0 /usr/local/bin/../lib/gcc/arm-none-eabi/7.2.1/../../../../arm-none-eabi/lib/thumb/v6-m/libc_nano.a(lib_a-mlock.o)
 .bss           0x0000000020003244        0x0 /usr/local/bin/../lib/gcc/arm-none-eabi/7.2.1/../../../../arm-none-eabi/lib/thumb/v6-m/libc_nano.a(lib_a-nano-freer.o)
 .bss           0x0000000020003244        0x0 /usr/local/bin/../lib/gcc/arm-none-eabi/7.2.1/../../../../arm-none-eabi/lib/thumb/v6-m/libc_nano.a(lib_a-nano-reallocr.o)
 .bss           0x0000000020003244        0x0 /usr/local/bin/../lib/gcc/arm-none-eabi/7.2.1/../../../../arm-none-eabi/lib/thumb/v6-m/libc_nano.a(lib_a-readr.o)
 .bss           0x0000000020003244        0x0 /usr/local/bin/../lib/gcc/arm-none-eabi/7.2.1/../../../../arm-none-eabi/lib/thumb/v6-m/libc_nano.a(lib_a-reent.o)
 .bss           0x0000000020003244        0x0 /usr/local/bin/../lib/gcc/arm-none-eabi/7.2.1/../../../../arm-none-eabi/lib/thumb/v6-m/libc_nano.a(lib_a-fstatr.o)
 .bss           0x0000000020003244        0x0 /usr/local/bin/../lib/gcc/arm-none-eabi/7.2.1/../../../../arm-none-eabi/lib/thumb/v6-m/libc_nano.a(lib_a-isattyr.o)
 .bss           0x0000000020003244        0x0 /usr/local/bin/../lib/gcc/arm-none-eabi/7.2.1/../../../../arm-none-eabi/lib/thumb/v6-m/libc_nano.a(lib_a-nano-msizer.o)
 .bss           0x0000000020003244        0x0 /usr/local/bin/../lib/gcc/arm-none-eabi/7.2.1/thumb/v6-m/crtend.o
 .bss           0x0000000020003244        0x0 /usr/local/bin/../lib/gcc/arm-none-eabi/7.2.1/thumb/v6-m/crtn.o
 .bss           0x0000000020003244        0x0 /usr/local/bin/../lib/gcc/arm-none-eabi/7.2.1/../../../../arm-none-eabi/lib/thumb/v6-m/libnosys.a(close.o)
 .bss           0x0000000020003244        0x0 /usr/local/bin/../lib/gcc/arm-none-eabi/7.2.1/../../../../arm-none-eabi/lib/thumb/v6-m/libnosys.a(fstat.o)
 .bss           0x0000000020003244        0x0 /usr/local/bin/../lib/gcc/arm-none-eabi/7.2.1/../../../../arm-none-eabi/lib/thumb/v6-m/libnosys.a(isatty.o)
 .bss           0x0000000020003244        0x0 /usr/local/bin/../lib/gcc/arm-none-eabi/7.2.1/../../../../arm-none-eabi/lib/thumb/v6-m/libnosys.a(lseek.o)
 .bss           0x0000000020003244        0x0 /usr/local/bin/../lib/gcc/arm-none-eabi/7.2.1/../../../../arm-none-eabi/lib/thumb/v6-m/libnosys.a(read.o)
 .bss           0x0000000020003244        0x0 /usr/local/bin/../lib/gcc/arm-none-eabi/7.2.1/../../../../arm-none-eabi/lib/thumb/v6-m/libnosys.a(sbrk.o)
 .bss.heap_end.4102
                0x0000000020003244        0x4 /usr/local/bin/../lib/gcc/arm-none-eabi/7.2.1/../../../../arm-none-eabi/lib/thumb/v6-m/libnosys.a(sbrk.o)
 .bss           0x0000000020003248        0x0 /usr/local/bin/../lib/gcc/arm-none-eabi/7.2.1/../../../../arm-none-eabi/lib/thumb/v6-m/libnosys.a(write.o)
 .bss           0x0000000020003248        0x0 /usr/local/bin/../lib/gcc/arm-none-eabi/7.2.1/../../../../arm-none-eabi/lib/thumb/v6-m/libnosys.a(_exit.o)
 *(COMMON)
 COMMON         0x0000000020003248       0x47 src/swd.o
                0x0000000020003248                rx_data
                0x000000002000326c                tx_data
 *fill*         0x000000002000328f        0x1 
 COMMON         0x0000000020003290       0x80 src/ow/ownet.o
                0x0000000020003290                SerialNum
 COMMON         0x0000000020003310       0x30 src/ow/crcutil.o
                0x0000000020003310                utilcrc8
                0x0000000020003320                utilcrc16
 COMMON         0x0000000020003340        0x4 /usr/local/bin/../lib/gcc/arm-none-eabi/7.2.1/../../../../arm-none-eabi/lib/thumb/v6-m/libc_nano.a(lib_a-reent.o)
                0x0000000020003340                errno
                0x0000000020003344                . = ALIGN (0x4)
                0x0000000020003344                __bss_end__ = .

.heap           0x0000000020003348       0x80
                0x0000000020003348                __end__ = .
                0x0000000020003348                end = __end__
 *(.heap*)
 .heap          0x0000000020003348       0x80 gcc_startup_nrf51.o
                0x0000000020003348                __HeapBase
                0x00000000200033c8                __HeapLimit = .

.stack_dummy    0x0000000020003348      0x800
 *(.stack*)
 .stack         0x0000000020003348      0x800 gcc_startup_nrf51.o
                0x0000000020004000                __StackTop = (ORIGIN (RAM) + LENGTH (RAM))
                0x0000000020003800                __StackLimit = (__StackTop - SIZEOF (.stack_dummy))
                0x0000000020004000                PROVIDE (__stack, __StackTop)
                0x0000000000000001                ASSERT ((__StackLimit >= __HeapLimit), region RAM overflowed with stack)
OUTPUT(tag_nrf.elf elf32-littlearm)

.ARM.attributes
                0x0000000000000000       0x28
 .ARM.attributes
                0x0000000000000000       0x1e /usr/local/bin/../lib/gcc/arm-none-eabi/7.2.1/thumb/v6-m/crti.o
 .ARM.attributes
                0x000000000000001e       0x2c /usr/local/bin/../lib/gcc/arm-none-eabi/7.2.1/thumb/v6-m/crtbegin.o
 .ARM.attributes
                0x000000000000004a       0x1b /usr/local/bin/../lib/gcc/arm-none-eabi/7.2.1/../../../../arm-none-eabi/lib/thumb/v6-m/crt0.o
 .ARM.attributes
                0x0000000000000065       0x2d src/ble/ble.o
 .ARM.attributes
                0x0000000000000092       0x2d src/ble/ble_crazyflies.o
 .ARM.attributes
                0x00000000000000bf       0x2d src/ble/timeslot.o
 .ARM.attributes
                0x00000000000000ec       0x2d nrf51_sdk/nrf51822/Source/ble/ble_advdata.o
 .ARM.attributes
                0x0000000000000119       0x2d nrf51_sdk/nrf51822/Source/ble/ble_conn_params.o
 .ARM.attributes
                0x0000000000000146       0x2d nrf51_sdk/nrf51822/Source/ble/ble_services/ble_srv_common.o
 .ARM.attributes
                0x0000000000000173       0x2d nrf51_sdk/nrf51822/Source/ble/ble_services/ble_dis.o
 .ARM.attributes
                0x00000000000001a0       0x2d nrf51_sdk/nrf51822/Source/sd_common/softdevice_handler.o
 .ARM.attributes
                0x00000000000001cd       0x2d nrf51_sdk/nrf51822/Source/app_common/app_timer.o
 .ARM.attributes
                0x00000000000001fa       0x2d nrf51_sdk/nrf51822/Source/app_common/pstorage.o
 .ARM.attributes
                0x0000000000000227       0x2d nrf51_sdk/nrf51822/Source/ble/device_manager/device_manager_peripheral.o
 .ARM.attributes
                0x0000000000000254       0x2d src/main.o
 .ARM.attributes
                0x0000000000000281       0x1b gcc_startup_nrf51.o
 .ARM.attributes
                0x000000000000029c       0x2d system_nrf51.o
 .ARM.attributes
                0x00000000000002c9       0x2d src/uart.o
 .ARM.attributes
                0x00000000000002f6       0x2d src/syslink.o
 .ARM.attributes
                0x0000000000000323       0x2d src/pm_cf2.o
 .ARM.attributes
                0x0000000000000350       0x2d src/systick.o
 .ARM.attributes
                0x000000000000037d       0x2d src/button.o
 .ARM.attributes
                0x00000000000003aa       0x2d src/swd.o
 .ARM.attributes
                0x00000000000003d7       0x2d src/ow.o
 .ARM.attributes
                0x0000000000000404       0x2d src/ow/owlnk.o
 .ARM.attributes
                0x0000000000000431       0x2d src/ow/ownet.o
 .ARM.attributes
                0x000000000000045e       0x2d src/ow/owtran.o
 .ARM.attributes
                0x000000000000048b       0x2d src/ow/crcutil.o
 .ARM.attributes
                0x00000000000004b8       0x2d src/ds2431.o
 .ARM.attributes
                0x00000000000004e5       0x2d src/ds28e05.o
 .ARM.attributes
                0x0000000000000512       0x2d src/esb.o
 .ARM.attributes
                0x000000000000053f       0x2d src/memory.o
 .ARM.attributes
                0x000000000000056c       0x2d src/platform.o
 .ARM.attributes
                0x0000000000000599       0x2d src/platform_tag.o
 .ARM.attributes
                0x00000000000005c6       0x1e /usr/local/bin/../lib/gcc/arm-none-eabi/7.2.1/thumb/v6-m/libgcc.a(_udivsi3.o)
 .ARM.attributes
                0x00000000000005e4       0x1e /usr/local/bin/../lib/gcc/arm-none-eabi/7.2.1/thumb/v6-m/libgcc.a(_divsi3.o)
 .ARM.attributes
                0x0000000000000602       0x1e /usr/local/bin/../lib/gcc/arm-none-eabi/7.2.1/thumb/v6-m/libgcc.a(_dvmd_tls.o)
 .ARM.attributes
                0x0000000000000620       0x2c /usr/local/bin/../lib/gcc/arm-none-eabi/7.2.1/thumb/v6-m/libgcc.a(divsf3.o)
 .ARM.attributes
                0x000000000000064c       0x2c /usr/local/bin/../lib/gcc/arm-none-eabi/7.2.1/thumb/v6-m/libgcc.a(mulsf3.o)
 .ARM.attributes
                0x0000000000000678       0x2c /usr/local/bin/../lib/gcc/arm-none-eabi/7.2.1/thumb/v6-m/libgcc.a(floatsisf.o)
 .ARM.attributes
                0x00000000000006a4       0x1e /usr/local/bin/../lib/gcc/arm-none-eabi/7.2.1/thumb/v6-m/libgcc.a(_clzsi2.o)
 .ARM.attributes
                0x00000000000006c2       0x2c /usr/local/bin/../lib/gcc/arm-none-eabi/7.2.1/../../../../arm-none-eabi/lib/thumb/v6-m/libc_nano.a(lib_a-bzero.o)
 .ARM.attributes
                0x00000000000006ee       0x2c /usr/local/bin/../lib/gcc/arm-none-eabi/7.2.1/../../../../arm-none-eabi/lib/thumb/v6-m/libc_nano.a(lib_a-errno.o)
 .ARM.attributes
                0x000000000000071a       0x2c /usr/local/bin/../lib/gcc/arm-none-eabi/7.2.1/../../../../arm-none-eabi/lib/thumb/v6-m/libc_nano.a(lib_a-exit.o)
 .ARM.attributes
                0x0000000000000746       0x2c /usr/local/bin/../lib/gcc/arm-none-eabi/7.2.1/../../../../arm-none-eabi/lib/thumb/v6-m/libc_nano.a(lib_a-impure.o)
 .ARM.attributes
                0x0000000000000772       0x2c /usr/local/bin/../lib/gcc/arm-none-eabi/7.2.1/../../../../arm-none-eabi/lib/thumb/v6-m/libc_nano.a(lib_a-init.o)
 .ARM.attributes
                0x000000000000079e       0x2c /usr/local/bin/../lib/gcc/arm-none-eabi/7.2.1/../../../../arm-none-eabi/lib/thumb/v6-m/libc_nano.a(lib_a-memcmp.o)
 .ARM.attributes
                0x00000000000007ca       0x2c /usr/local/bin/../lib/gcc/arm-none-eabi/7.2.1/../../../../arm-none-eabi/lib/thumb/v6-m/libc_nano.a(lib_a-memcpy-stub.o)
 .ARM.attributes
                0x00000000000007f6       0x2c /usr/local/bin/../lib/gcc/arm-none-eabi/7.2.1/../../../../arm-none-eabi/lib/thumb/v6-m/libc_nano.a(lib_a-memset.o)
 .ARM.attributes
                0x0000000000000822       0x2c /usr/local/bin/../lib/gcc/arm-none-eabi/7.2.1/../../../../arm-none-eabi/lib/thumb/v6-m/libc_nano.a(lib_a-printf.o)
 .ARM.attributes
                0x000000000000084e       0x1c /usr/local/bin/../lib/gcc/arm-none-eabi/7.2.1/../../../../arm-none-eabi/lib/thumb/v6-m/libc_nano.a(lib_a-strcmp.o)
 .ARM.attributes
                0x000000000000086a       0x1c /usr/local/bin/../lib/gcc/arm-none-eabi/7.2.1/../../../../arm-none-eabi/lib/thumb/v6-m/libc_nano.a(lib_a-strlen.o)
 .ARM.attributes
                0x0000000000000886       0x2c /usr/local/bin/../lib/gcc/arm-none-eabi/7.2.1/../../../../arm-none-eabi/lib/thumb/v6-m/libc_nano.a(lib_a-strncpy.o)
 .ARM.attributes
                0x00000000000008b2       0x2c /usr/local/bin/../lib/gcc/arm-none-eabi/7.2.1/../../../../arm-none-eabi/lib/thumb/v6-m/libc_nano.a(lib_a-strtok_r.o)
 .ARM.attributes
                0x00000000000008de       0x2c /usr/local/bin/../lib/gcc/arm-none-eabi/7.2.1/../../../../arm-none-eabi/lib/thumb/v6-m/libc_nano.a(lib_a-findfp.o)
 .ARM.attributes
                0x000000000000090a       0x2c /usr/local/bin/../lib/gcc/arm-none-eabi/7.2.1/../../../../arm-none-eabi/lib/thumb/v6-m/libc_nano.a(lib_a-fwalk.o)
 .ARM.attributes
                0x0000000000000936       0x2c /usr/local/bin/../lib/gcc/arm-none-eabi/7.2.1/../../../../arm-none-eabi/lib/thumb/v6-m/libc_nano.a(lib_a-nano-mallocr.o)
 .ARM.attributes
                0x0000000000000962       0x2c /usr/local/bin/../lib/gcc/arm-none-eabi/7.2.1/../../../../arm-none-eabi/lib/thumb/v6-m/libc_nano.a(lib_a-nano-vfprintf.o)
 .ARM.attributes
                0x000000000000098e       0x2c /usr/local/bin/../lib/gcc/arm-none-eabi/7.2.1/../../../../arm-none-eabi/lib/thumb/v6-m/libc_nano.a(lib_a-nano-vfprintf_i.o)
 .ARM.attributes
                0x00000000000009ba       0x2c /usr/local/bin/../lib/gcc/arm-none-eabi/7.2.1/../../../../arm-none-eabi/lib/thumb/v6-m/libc_nano.a(lib_a-sbrkr.o)
 .ARM.attributes
                0x00000000000009e6       0x2c /usr/local/bin/../lib/gcc/arm-none-eabi/7.2.1/../../../../arm-none-eabi/lib/thumb/v6-m/libc_nano.a(lib_a-stdio.o)
 .ARM.attributes
                0x0000000000000a12       0x2c /usr/local/bin/../lib/gcc/arm-none-eabi/7.2.1/../../../../arm-none-eabi/lib/thumb/v6-m/libc_nano.a(lib_a-wbuf.o)
 .ARM.attributes
                0x0000000000000a3e       0x2c /usr/local/bin/../lib/gcc/arm-none-eabi/7.2.1/../../../../arm-none-eabi/lib/thumb/v6-m/libc_nano.a(lib_a-writer.o)
 .ARM.attributes
                0x0000000000000a6a       0x2c /usr/local/bin/../lib/gcc/arm-none-eabi/7.2.1/../../../../arm-none-eabi/lib/thumb/v6-m/libc_nano.a(lib_a-wsetup.o)
 .ARM.attributes
                0x0000000000000a96       0x2c /usr/local/bin/../lib/gcc/arm-none-eabi/7.2.1/../../../../arm-none-eabi/lib/thumb/v6-m/libc_nano.a(lib_a-closer.o)
 .ARM.attributes
                0x0000000000000ac2       0x2c /usr/local/bin/../lib/gcc/arm-none-eabi/7.2.1/../../../../arm-none-eabi/lib/thumb/v6-m/libc_nano.a(lib_a-fflush.o)
 .ARM.attributes
                0x0000000000000aee       0x2c /usr/local/bin/../lib/gcc/arm-none-eabi/7.2.1/../../../../arm-none-eabi/lib/thumb/v6-m/libc_nano.a(lib_a-fvwrite.o)
 .ARM.attributes
                0x0000000000000b1a       0x2c /usr/local/bin/../lib/gcc/arm-none-eabi/7.2.1/../../../../arm-none-eabi/lib/thumb/v6-m/libc_nano.a(lib_a-lseekr.o)
 .ARM.attributes
                0x0000000000000b46       0x2c /usr/local/bin/../lib/gcc/arm-none-eabi/7.2.1/../../../../arm-none-eabi/lib/thumb/v6-m/libc_nano.a(lib_a-makebuf.o)
 .ARM.attributes
                0x0000000000000b72       0x2c /usr/local/bin/../lib/gcc/arm-none-eabi/7.2.1/../../../../arm-none-eabi/lib/thumb/v6-m/libc_nano.a(lib_a-memchr-stub.o)
 .ARM.attributes
                0x0000000000000b9e       0x2c /usr/local/bin/../lib/gcc/arm-none-eabi/7.2.1/../../../../arm-none-eabi/lib/thumb/v6-m/libc_nano.a(lib_a-memmove.o)
 .ARM.attributes
                0x0000000000000bca       0x2c /usr/local/bin/../lib/gcc/arm-none-eabi/7.2.1/../../../../arm-none-eabi/lib/thumb/v6-m/libc_nano.a(lib_a-mlock.o)
 .ARM.attributes
                0x0000000000000bf6       0x2c /usr/local/bin/../lib/gcc/arm-none-eabi/7.2.1/../../../../arm-none-eabi/lib/thumb/v6-m/libc_nano.a(lib_a-nano-freer.o)
 .ARM.attributes
                0x0000000000000c22       0x2c /usr/local/bin/../lib/gcc/arm-none-eabi/7.2.1/../../../../arm-none-eabi/lib/thumb/v6-m/libc_nano.a(lib_a-nano-reallocr.o)
 .ARM.attributes
                0x0000000000000c4e       0x2c /usr/local/bin/../lib/gcc/arm-none-eabi/7.2.1/../../../../arm-none-eabi/lib/thumb/v6-m/libc_nano.a(lib_a-readr.o)
 .ARM.attributes
                0x0000000000000c7a       0x2c /usr/local/bin/../lib/gcc/arm-none-eabi/7.2.1/../../../../arm-none-eabi/lib/thumb/v6-m/libc_nano.a(lib_a-reent.o)
 .ARM.attributes
                0x0000000000000ca6       0x2c /usr/local/bin/../lib/gcc/arm-none-eabi/7.2.1/../../../../arm-none-eabi/lib/thumb/v6-m/libc_nano.a(lib_a-fstatr.o)
 .ARM.attributes
                0x0000000000000cd2       0x2c /usr/local/bin/../lib/gcc/arm-none-eabi/7.2.1/../../../../arm-none-eabi/lib/thumb/v6-m/libc_nano.a(lib_a-isattyr.o)
 .ARM.attributes
                0x0000000000000cfe       0x2c /usr/local/bin/../lib/gcc/arm-none-eabi/7.2.1/../../../../arm-none-eabi/lib/thumb/v6-m/libc_nano.a(lib_a-nano-msizer.o)
 .ARM.attributes
                0x0000000000000d2a       0x2c /usr/local/bin/../lib/gcc/arm-none-eabi/7.2.1/thumb/v6-m/crtend.o
 .ARM.attributes
                0x0000000000000d56       0x1e /usr/local/bin/../lib/gcc/arm-none-eabi/7.2.1/thumb/v6-m/crtn.o
 .ARM.attributes
                0x0000000000000d74       0x2c /usr/local/bin/../lib/gcc/arm-none-eabi/7.2.1/../../../../arm-none-eabi/lib/thumb/v6-m/libnosys.a(close.o)
 .ARM.attributes
                0x0000000000000da0       0x2c /usr/local/bin/../lib/gcc/arm-none-eabi/7.2.1/../../../../arm-none-eabi/lib/thumb/v6-m/libnosys.a(fstat.o)
 .ARM.attributes
                0x0000000000000dcc       0x2c /usr/local/bin/../lib/gcc/arm-none-eabi/7.2.1/../../../../arm-none-eabi/lib/thumb/v6-m/libnosys.a(isatty.o)
 .ARM.attributes
                0x0000000000000df8       0x2c /usr/local/bin/../lib/gcc/arm-none-eabi/7.2.1/../../../../arm-none-eabi/lib/thumb/v6-m/libnosys.a(lseek.o)
 .ARM.attributes
                0x0000000000000e24       0x2c /usr/local/bin/../lib/gcc/arm-none-eabi/7.2.1/../../../../arm-none-eabi/lib/thumb/v6-m/libnosys.a(read.o)
 .ARM.attributes
                0x0000000000000e50       0x2c /usr/local/bin/../lib/gcc/arm-none-eabi/7.2.1/../../../../arm-none-eabi/lib/thumb/v6-m/libnosys.a(sbrk.o)
 .ARM.attributes
                0x0000000000000e7c       0x2c /usr/local/bin/../lib/gcc/arm-none-eabi/7.2.1/../../../../arm-none-eabi/lib/thumb/v6-m/libnosys.a(write.o)
 .ARM.attributes
                0x0000000000000ea8       0x2c /usr/local/bin/../lib/gcc/arm-none-eabi/7.2.1/../../../../arm-none-eabi/lib/thumb/v6-m/libnosys.a(_exit.o)

.comment        0x0000000000000000       0x7e
 .comment       0x0000000000000000       0x7e src/ble/ble.o
                                         0x7f (size before relaxing)
 .comment       0x000000000000007e       0x7f src/ble/ble_crazyflies.o
 .comment       0x000000000000007e       0x7f src/ble/timeslot.o
 .comment       0x000000000000007e       0x7f nrf51_sdk/nrf51822/Source/ble/ble_advdata.o
 .comment       0x000000000000007e       0x7f nrf51_sdk/nrf51822/Source/ble/ble_conn_params.o
 .comment       0x000000000000007e       0x7f nrf51_sdk/nrf51822/Source/ble/ble_services/ble_srv_common.o
 .comment       0x000000000000007e       0x7f nrf51_sdk/nrf51822/Source/ble/ble_services/ble_dis.o
 .comment       0x000000000000007e       0x7f nrf51_sdk/nrf51822/Source/sd_common/softdevice_handler.o
 .comment       0x000000000000007e       0x7f nrf51_sdk/nrf51822/Source/app_common/app_timer.o
 .comment       0x000000000000007e       0x7f nrf51_sdk/nrf51822/Source/app_common/pstorage.o
 .comment       0x000000000000007e       0x7f nrf51_sdk/nrf51822/Source/ble/device_manager/device_manager_peripheral.o
 .comment       0x000000000000007e       0x7f src/main.o
 .comment       0x000000000000007e       0x7f system_nrf51.o
 .comment       0x000000000000007e       0x7f src/uart.o
 .comment       0x000000000000007e       0x7f src/syslink.o
 .comment       0x000000000000007e       0x7f src/pm_cf2.o
 .comment       0x000000000000007e       0x7f src/systick.o
 .comment       0x000000000000007e       0x7f src/button.o
 .comment       0x000000000000007e       0x7f src/swd.o
 .comment       0x000000000000007e       0x7f src/ow.o
 .comment       0x000000000000007e       0x7f src/ow/owlnk.o
 .comment       0x000000000000007e       0x7f src/ow/ownet.o
 .comment       0x000000000000007e       0x7f src/ow/owtran.o
 .comment       0x000000000000007e       0x7f src/ow/crcutil.o
 .comment       0x000000000000007e       0x7f src/ds2431.o
 .comment       0x000000000000007e       0x7f src/ds28e05.o
 .comment       0x000000000000007e       0x7f src/esb.o
 .comment       0x000000000000007e       0x7f src/memory.o
 .comment       0x000000000000007e       0x7f src/platform.o
 .comment       0x000000000000007e       0x7f src/platform_tag.o

.debug_info     0x0000000000000000    0x2ea9a
 .debug_info    0x0000000000000000     0x4aa2 src/ble/ble.o
 .debug_info    0x0000000000004aa2     0x31aa src/ble/ble_crazyflies.o
 .debug_info    0x0000000000007c4c     0x1a8a src/ble/timeslot.o
 .debug_info    0x00000000000096d6     0x2929 nrf51_sdk/nrf51822/Source/ble/ble_advdata.o
 .debug_info    0x000000000000bfff     0x32cf nrf51_sdk/nrf51822/Source/ble/ble_conn_params.o
 .debug_info    0x000000000000f2ce     0x1249 nrf51_sdk/nrf51822/Source/ble/ble_services/ble_srv_common.o
 .debug_info    0x0000000000010517     0x1ee4 nrf51_sdk/nrf51822/Source/ble/ble_services/ble_dis.o
 .debug_info    0x00000000000123fb     0x3e78 nrf51_sdk/nrf51822/Source/sd_common/softdevice_handler.o
 .debug_info    0x0000000000016273     0x2776 nrf51_sdk/nrf51822/Source/app_common/app_timer.o
 .debug_info    0x00000000000189e9     0x20ed nrf51_sdk/nrf51822/Source/app_common/pstorage.o
 .debug_info    0x000000000001aad6     0x42c2 nrf51_sdk/nrf51822/Source/ble/device_manager/device_manager_peripheral.o
 .debug_info    0x000000000001ed98     0x3a0a src/main.o
 .debug_info    0x00000000000227a2      0x1ec system_nrf51.o
 .debug_info    0x000000000002298e      0x958 src/uart.o
 .debug_info    0x00000000000232e6      0x20f src/syslink.o
 .debug_info    0x00000000000234f5     0x16d3 src/pm_cf2.o
 .debug_info    0x0000000000024bc8      0x5a2 src/systick.o
 .debug_info    0x000000000002516a      0x2b7 src/button.o
 .debug_info    0x0000000000025421      0x48a src/swd.o
 .debug_info    0x00000000000258ab      0xef2 src/ow.o
 .debug_info    0x000000000002679d      0xdf2 src/ow/owlnk.o
 .debug_info    0x000000000002758f      0xcb8 src/ow/ownet.o
 .debug_info    0x0000000000028247      0x9b4 src/ow/owtran.o
 .debug_info    0x0000000000028bfb      0xa14 src/ow/crcutil.o
 .debug_info    0x000000000002960f      0xb33 src/ds2431.o
 .debug_info    0x000000000002a142      0xa76 src/ds28e05.o
 .debug_info    0x000000000002abb8     0x29b7 src/esb.o
 .debug_info    0x000000000002d56f      0xb2f src/memory.o
 .debug_info    0x000000000002e09e      0x9b6 src/platform.o
 .debug_info    0x000000000002ea54       0x46 src/platform_tag.o

.debug_abbrev   0x0000000000000000     0x4da2
 .debug_abbrev  0x0000000000000000      0x410 src/ble/ble.o
 .debug_abbrev  0x0000000000000410      0x39d src/ble/ble_crazyflies.o
 .debug_abbrev  0x00000000000007ad      0x2dc src/ble/timeslot.o
 .debug_abbrev  0x0000000000000a89      0x326 nrf51_sdk/nrf51822/Source/ble/ble_advdata.o
 .debug_abbrev  0x0000000000000daf      0x3c8 nrf51_sdk/nrf51822/Source/ble/ble_conn_params.o
 .debug_abbrev  0x0000000000001177      0x292 nrf51_sdk/nrf51822/Source/ble/ble_services/ble_srv_common.o